17:25:58 **** Build of project touch_bsp ****
make -k all 
"Running Make include in ps7_cortexa9_0/libsrc/coresightps_dcc_v1_0/src"
E:/Xilinx/SDK/2015.2/gnuwin/bin/make -C ps7_cortexa9_0/libsrc/coresightps_dcc_v1_0/src -s include  "SHELL=CMD" "COMPILER=arm-xilinx-eabi-gcc" "ARCHIVER=arm-xilinx-eabi-ar" "COMPILER_FLAGS=  -O2 -c" "EXTRA_COMPILER_FLAGS=-g"
"Running Make include in ps7_cortexa9_0/libsrc/cpu_cortexa9_v2_1/src"
E:/Xilinx/SDK/2015.2/gnuwin/bin/make -C ps7_cortexa9_0/libsrc/cpu_cortexa9_v2_1/src -s include  "SHELL=CMD" "COMPILER=arm-xilinx-eabi-gcc" "ARCHIVER=arm-xilinx-eabi-ar" "COMPILER_FLAGS=  -O2 -c" "EXTRA_COMPILER_FLAGS=-g"
"Running Make include in ps7_cortexa9_0/libsrc/devcfg_v3_3/src"
E:/Xilinx/SDK/2015.2/gnuwin/bin/make -C ps7_cortexa9_0/libsrc/devcfg_v3_3/src -s include  "SHELL=CMD" "COMPILER=arm-xilinx-eabi-gcc" "ARCHIVER=arm-xilinx-eabi-ar" "COMPILER_FLAGS=  -O2 -c" "EXTRA_COMPILER_FLAGS=-g"
"Running Make include in ps7_cortexa9_0/libsrc/dmaps_v2_1/src"
E:/Xilinx/SDK/2015.2/gnuwin/bin/make -C ps7_cortexa9_0/libsrc/dmaps_v2_1/src -s include  "SHELL=CMD" "COMPILER=arm-xilinx-eabi-gcc" "ARCHIVER=arm-xilinx-eabi-ar" "COMPILER_FLAGS=  -O2 -c" "EXTRA_COMPILER_FLAGS=-g"
"Running Make include in ps7_cortexa9_0/libsrc/emacps_v3_0/src"
E:/Xilinx/SDK/2015.2/gnuwin/bin/make -C ps7_cortexa9_0/libsrc/emacps_v3_0/src -s include  "SHELL=CMD" "COMPILER=arm-xilinx-eabi-gcc" "ARCHIVER=arm-xilinx-eabi-ar" "COMPILER_FLAGS=  -O2 -c" "EXTRA_COMPILER_FLAGS=-g"
"Running Make include in ps7_cortexa9_0/libsrc/gpiops_v3_0/src"
E:/Xilinx/SDK/2015.2/gnuwin/bin/make -C ps7_cortexa9_0/libsrc/gpiops_v3_0/src -s include  "SHELL=CMD" "COMPILER=arm-xilinx-eabi-gcc" "ARCHIVER=arm-xilinx-eabi-ar" "COMPILER_FLAGS=  -O2 -c" "EXTRA_COMPILER_FLAGS=-g"
"Running Make include in ps7_cortexa9_0/libsrc/iicps_v3_0/src"
E:/Xilinx/SDK/2015.2/gnuwin/bin/make -C ps7_cortexa9_0/libsrc/iicps_v3_0/src -s include  "SHELL=CMD" "COMPILER=arm-xilinx-eabi-gcc" "ARCHIVER=arm-xilinx-eabi-ar" "COMPILER_FLAGS=  -O2 -c" "EXTRA_COMPILER_FLAGS=-g"
"Running Make include in ps7_cortexa9_0/libsrc/qspips_v3_2/src"
E:/Xilinx/SDK/2015.2/gnuwin/bin/make -C ps7_cortexa9_0/libsrc/qspips_v3_2/src -s include  "SHELL=CMD" "COMPILER=arm-xilinx-eabi-gcc" "ARCHIVER=arm-xilinx-eabi-ar" "COMPILER_FLAGS=  -O2 -c" "EXTRA_COMPILER_FLAGS=-g"
"Running Make include in ps7_cortexa9_0/libsrc/scugic_v3_0/src"
E:/Xilinx/SDK/2015.2/gnuwin/bin/make -C ps7_cortexa9_0/libsrc/scugic_v3_0/src -s include  "SHELL=CMD" "COMPILER=arm-xilinx-eabi-gcc" "ARCHIVER=arm-xilinx-eabi-ar" "COMPILER_FLAGS=  -O2 -c" "EXTRA_COMPILER_FLAGS=-g"
"Running Make include in ps7_cortexa9_0/libsrc/scutimer_v2_1/src"
E:/Xilinx/SDK/2015.2/gnuwin/bin/make -C ps7_cortexa9_0/libsrc/scutimer_v2_1/src -s include  "SHELL=CMD" "COMPILER=arm-xilinx-eabi-gcc" "ARCHIVER=arm-xilinx-eabi-ar" "COMPILER_FLAGS=  -O2 -c" "EXTRA_COMPILER_FLAGS=-g"
"Running Make include in ps7_cortexa9_0/libsrc/scuwdt_v2_1/src"
E:/Xilinx/SDK/2015.2/gnuwin/bin/make -C ps7_cortexa9_0/libsrc/scuwdt_v2_1/src -s include  "SHELL=CMD" "COMPILER=arm-xilinx-eabi-gcc" "ARCHIVER=arm-xilinx-eabi-ar" "COMPILER_FLAGS=  -O2 -c" "EXTRA_COMPILER_FLAGS=-g"
"Running Make include in ps7_cortexa9_0/libsrc/sdps_v2_4/src"
E:/Xilinx/SDK/2015.2/gnuwin/bin/make -C ps7_cortexa9_0/libsrc/sdps_v2_4/src -s include  "SHELL=CMD" "COMPILER=arm-xilinx-eabi-gcc" "ARCHIVER=arm-xilinx-eabi-ar" "COMPILER_FLAGS=  -O2 -c" "EXTRA_COMPILER_FLAGS=-g"
"Running Make include in ps7_cortexa9_0/libsrc/standalone_v5_1/src"
E:/Xilinx/SDK/2015.2/gnuwin/bin/make -C ps7_cortexa9_0/libsrc/standalone_v5_1/src -s include  "SHELL=CMD" "COMPILER=arm-xilinx-eabi-gcc" "ARCHIVER=arm-xilinx-eabi-ar" "COMPILER_FLAGS=  -O2 -c" "EXTRA_COMPILER_FLAGS=-g"
"Running Make include in ps7_cortexa9_0/libsrc/ttcps_v3_0/src"
E:/Xilinx/SDK/2015.2/gnuwin/bin/make -C ps7_cortexa9_0/libsrc/ttcps_v3_0/src -s include  "SHELL=CMD" "COMPILER=arm-xilinx-eabi-gcc" "ARCHIVER=arm-xilinx-eabi-ar" "COMPILER_FLAGS=  -O2 -c" "EXTRA_COMPILER_FLAGS=-g"
"Running Make include in ps7_cortexa9_0/libsrc/uartps_v3_0/src"
E:/Xilinx/SDK/2015.2/gnuwin/bin/make -C ps7_cortexa9_0/libsrc/uartps_v3_0/src -s include  "SHELL=CMD" "COMPILER=arm-xilinx-eabi-gcc" "ARCHIVER=arm-xilinx-eabi-ar" "COMPILER_FLAGS=  -O2 -c" "EXTRA_COMPILER_FLAGS=-g"
"Running Make include in ps7_cortexa9_0/libsrc/usbps_v2_2/src"
E:/Xilinx/SDK/2015.2/gnuwin/bin/make -C ps7_cortexa9_0/libsrc/usbps_v2_2/src -s include  "SHELL=CMD" "COMPILER=arm-xilinx-eabi-gcc" "ARCHIVER=arm-xilinx-eabi-ar" "COMPILER_FLAGS=  -O2 -c" "EXTRA_COMPILER_FLAGS=-g"
"Running Make include in ps7_cortexa9_0/libsrc/xadcps_v2_2/src"
E:/Xilinx/SDK/2015.2/gnuwin/bin/make -C ps7_cortexa9_0/libsrc/xadcps_v2_2/src -s include  "SHELL=CMD" "COMPILER=arm-xilinx-eabi-gcc" "ARCHIVER=arm-xilinx-eabi-ar" "COMPILER_FLAGS=  -O2 -c" "EXTRA_COMPILER_FLAGS=-g"
"Running Make libs in ps7_cortexa9_0/libsrc/coresightps_dcc_v1_0/src"
E:/Xilinx/SDK/2015.2/gnuwin/bin/make -C ps7_cortexa9_0/libsrc/coresightps_dcc_v1_0/src -s libs  "SHELL=CMD" "COMPILER=arm-xilinx-eabi-gcc" "ARCHIVER=arm-xilinx-eabi-ar" "COMPILER_FLAGS=  -O2 -c" "EXTRA_COMPILER_FLAGS=-g"
"Compiling coresightps_dcc"
arm-xilinx-eabi-ar: creating ../../../lib/libxil.a
"Running Make libs in ps7_cortexa9_0/libsrc/cpu_cortexa9_v2_1/src"
E:/Xilinx/SDK/2015.2/gnuwin/bin/make -C ps7_cortexa9_0/libsrc/cpu_cortexa9_v2_1/src -s libs  "SHELL=CMD" "COMPILER=arm-xilinx-eabi-gcc" "ARCHIVER=arm-xilinx-eabi-ar" "COMPILER_FLAGS=  -O2 -c" "EXTRA_COMPILER_FLAGS=-g"
"Compiling cpu_cortexa9"
"Running Make libs in ps7_cortexa9_0/libsrc/devcfg_v3_3/src"
E:/Xilinx/SDK/2015.2/gnuwin/bin/make -C ps7_cortexa9_0/libsrc/devcfg_v3_3/src -s libs  "SHELL=CMD" "COMPILER=arm-xilinx-eabi-gcc" "ARCHIVER=arm-xilinx-eabi-ar" "COMPILER_FLAGS=  -O2 -c" "EXTRA_COMPILER_FLAGS=-g"
"Compiling devcfg"
"Running Make libs in ps7_cortexa9_0/libsrc/dmaps_v2_1/src"
E:/Xilinx/SDK/2015.2/gnuwin/bin/make -C ps7_cortexa9_0/libsrc/dmaps_v2_1/src -s libs  "SHELL=CMD" "COMPILER=arm-xilinx-eabi-gcc" "ARCHIVER=arm-xilinx-eabi-ar" "COMPILER_FLAGS=  -O2 -c" "EXTRA_COMPILER_FLAGS=-g"
"Compiling dmaps"
"Running Make libs in ps7_cortexa9_0/libsrc/emacps_v3_0/src"
E:/Xilinx/SDK/2015.2/gnuwin/bin/make -C ps7_cortexa9_0/libsrc/emacps_v3_0/src -s libs  "SHELL=CMD" "COMPILER=arm-xilinx-eabi-gcc" "ARCHIVER=arm-xilinx-eabi-ar" "COMPILER_FLAGS=  -O2 -c" "EXTRA_COMPILER_FLAGS=-g"
"Compiling emacps"
"Running Make libs in ps7_cortexa9_0/libsrc/gpiops_v3_0/src"
E:/Xilinx/SDK/2015.2/gnuwin/bin/make -C ps7_cortexa9_0/libsrc/gpiops_v3_0/src -s libs  "SHELL=CMD" "COMPILER=arm-xilinx-eabi-gcc" "ARCHIVER=arm-xilinx-eabi-ar" "COMPILER_FLAGS=  -O2 -c" "EXTRA_COMPILER_FLAGS=-g"
"Compiling gpiops"
"Running Make libs in ps7_cortexa9_0/libsrc/iicps_v3_0/src"
E:/Xilinx/SDK/2015.2/gnuwin/bin/make -C ps7_cortexa9_0/libsrc/iicps_v3_0/src -s libs  "SHELL=CMD" "COMPILER=arm-xilinx-eabi-gcc" "ARCHIVER=arm-xilinx-eabi-ar" "COMPILER_FLAGS=  -O2 -c" "EXTRA_COMPILER_FLAGS=-g"
"Compiling iicps"
"Running Make libs in ps7_cortexa9_0/libsrc/qspips_v3_2/src"
E:/Xilinx/SDK/2015.2/gnuwin/bin/make -C ps7_cortexa9_0/libsrc/qspips_v3_2/src -s libs  "SHELL=CMD" "COMPILER=arm-xilinx-eabi-gcc" "ARCHIVER=arm-xilinx-eabi-ar" "COMPILER_FLAGS=  -O2 -c" "EXTRA_COMPILER_FLAGS=-g"
"Compiling qspips"
"Running Make libs in ps7_cortexa9_0/libsrc/scugic_v3_0/src"
E:/Xilinx/SDK/2015.2/gnuwin/bin/make -C ps7_cortexa9_0/libsrc/scugic_v3_0/src -s libs  "SHELL=CMD" "COMPILER=arm-xilinx-eabi-gcc" "ARCHIVER=arm-xilinx-eabi-ar" "COMPILER_FLAGS=  -O2 -c" "EXTRA_COMPILER_FLAGS=-g"
"Compiling scugic"
"Running Make libs in ps7_cortexa9_0/libsrc/scutimer_v2_1/src"
E:/Xilinx/SDK/2015.2/gnuwin/bin/make -C ps7_cortexa9_0/libsrc/scutimer_v2_1/src -s libs  "SHELL=CMD" "COMPILER=arm-xilinx-eabi-gcc" "ARCHIVER=arm-xilinx-eabi-ar" "COMPILER_FLAGS=  -O2 -c" "EXTRA_COMPILER_FLAGS=-g"
"Compiling scutimer"
"Running Make libs in ps7_cortexa9_0/libsrc/scuwdt_v2_1/src"
E:/Xilinx/SDK/2015.2/gnuwin/bin/make -C ps7_cortexa9_0/libsrc/scuwdt_v2_1/src -s libs  "SHELL=CMD" "COMPILER=arm-xilinx-eabi-gcc" "ARCHIVER=arm-xilinx-eabi-ar" "COMPILER_FLAGS=  -O2 -c" "EXTRA_COMPILER_FLAGS=-g"
"Compiling scuwdt"
"Running Make libs in ps7_cortexa9_0/libsrc/sdps_v2_4/src"
E:/Xilinx/SDK/2015.2/gnuwin/bin/make -C ps7_cortexa9_0/libsrc/sdps_v2_4/src -s libs  "SHELL=CMD" "COMPILER=arm-xilinx-eabi-gcc" "ARCHIVER=arm-xilinx-eabi-ar" "COMPILER_FLAGS=  -O2 -c" "EXTRA_COMPILER_FLAGS=-g"
"Compiling sdps"
"Running Make libs in ps7_cortexa9_0/libsrc/standalone_v5_1/src"
E:/Xilinx/SDK/2015.2/gnuwin/bin/make -C ps7_cortexa9_0/libsrc/standalone_v5_1/src -s libs  "SHELL=CMD" "COMPILER=arm-xilinx-eabi-gcc" "ARCHIVER=arm-xilinx-eabi-ar" "COMPILER_FLAGS=  -O2 -c" "EXTRA_COMPILER_FLAGS=-g"
"Compiling standalone"
"Running Make libs in ps7_cortexa9_0/libsrc/ttcps_v3_0/src"
E:/Xilinx/SDK/2015.2/gnuwin/bin/make -C ps7_cortexa9_0/libsrc/ttcps_v3_0/src -s libs  "SHELL=CMD" "COMPILER=arm-xilinx-eabi-gcc" "ARCHIVER=arm-xilinx-eabi-ar" "COMPILER_FLAGS=  -O2 -c" "EXTRA_COMPILER_FLAGS=-g"
"Compiling ttcps"
"Running Make libs in ps7_cortexa9_0/libsrc/uartps_v3_0/src"
E:/Xilinx/SDK/2015.2/gnuwin/bin/make -C ps7_cortexa9_0/libsrc/uartps_v3_0/src -s libs  "SHELL=CMD" "COMPILER=arm-xilinx-eabi-gcc" "ARCHIVER=arm-xilinx-eabi-ar" "COMPILER_FLAGS=  -O2 -c" "EXTRA_COMPILER_FLAGS=-g"
"Compiling uartps"
"Running Make libs in ps7_cortexa9_0/libsrc/usbps_v2_2/src"
E:/Xilinx/SDK/2015.2/gnuwin/bin/make -C ps7_cortexa9_0/libsrc/usbps_v2_2/src -s libs  "SHELL=CMD" "COMPILER=arm-xilinx-eabi-gcc" "ARCHIVER=arm-xilinx-eabi-ar" "COMPILER_FLAGS=  -O2 -c" "EXTRA_COMPILER_FLAGS=-g"
"Compiling usbps"
"Running Make libs in ps7_cortexa9_0/libsrc/xadcps_v2_2/src"
E:/Xilinx/SDK/2015.2/gnuwin/bin/make -C ps7_cortexa9_0/libsrc/xadcps_v2_2/src -s libs  "SHELL=CMD" "COMPILER=arm-xilinx-eabi-gcc" "ARCHIVER=arm-xilinx-eabi-ar" "COMPILER_FLAGS=  -O2 -c" "EXTRA_COMPILER_FLAGS=-g"
"Compiling xadcps"
'Finished building libraries'
17:26:32 **** Build of configuration Debug for project touch ****
make all 
'Building file: ../src/main.c'
'Invoking: ARM gcc compiler'
arm-xilinx-eabi-gcc -Wall -O0 -g3 -c -fmessage-length=0 -MT"src/main.o" -I../../touch_bsp/ps7_cortexa9_0/include -MMD -MP -MF"src/main.d" -MT"src/main.d" -o "src/main.o" "../src/main.c"
'Finished building: ../src/main.c'
' '
'Building target: touch.elf'
'Invoking: ARM gcc linker'
arm-xilinx-eabi-gcc -Wl,-T -Wl,../src/lscript.ld -L../../touch_bsp/ps7_cortexa9_0/lib -o "touch.elf"  ./src/main.o   -Wl,--start-group,-lxil,-lgcc,-lc,--end-group
../../touch_bsp/ps7_cortexa9_0/lib\libxil.a(xil-crt0.o): In function `_start':
F:\ZYNQ\gpio_mio\gpio_mio.sdk\touch_bsp\ps7_cortexa9_0\libsrc\standalone_v5_1\src/xil-crt0.S:128: undefined reference to `main'
collect2.exe: error: ld returned 1 exit status
make: *** [touch.elf] ¥ÌŒÛ 1
17:27:10 **** Auto Build of configuration Debug for project touch ****
make all 
'Building file: ../src/main.c'
'Invoking: ARM gcc compiler'
arm-xilinx-eabi-gcc -Wall -O0 -g3 -c -fmessage-length=0 -MT"src/main.o" -I../../touch_bsp/ps7_cortexa9_0/include -MMD -MP -MF"src/main.d" -MT"src/main.d" -o "src/main.o" "../src/main.c"
'Finished building: ../src/main.c'
' '
'Building target: touch.elf'
'Invoking: ARM gcc linker'
arm-xilinx-eabi-gcc -Wl,-T -Wl,../src/lscript.ld -L../../touch_bsp/ps7_cortexa9_0/lib -o "touch.elf"  ./src/main.o   -Wl,--start-group,-lxil,-lgcc,-lc,--end-group
'Finished building target: touch.elf'
' '
'Invoking: ARM Print Size'
arm-xilinx-eabi-size touch.elf  |tee "touch.elf.size"
   text	   data	    bss	    dec	    hex	filename
  19380	   1152	  22564	  43096	   a858	touch.elf
'Finished building: touch.elf.size'
' '
17:27:17 **** Auto Build of configuration Debug for project touch ****
make all 
'Building file: ../src/main.c'
'Invoking: ARM gcc compiler'
arm-xilinx-eabi-gcc -Wall -O0 -g3 -c -fmessage-length=0 -MT"src/main.o" -I../../touch_bsp/ps7_cortexa9_0/include -MMD -MP -MF"src/main.d" -MT"src/main.d" -o "src/main.o" "../src/main.c"
'Finished building: ../src/main.c'
' '
'Building target: touch.elf'
'Invoking: ARM gcc linker'
arm-xilinx-eabi-gcc -Wl,-T -Wl,../src/lscript.ld -L../../touch_bsp/ps7_cortexa9_0/lib -o "touch.elf"  ./src/main.o   -Wl,--start-group,-lxil,-lgcc,-lc,--end-group
'Finished building target: touch.elf'
' '
'Invoking: ARM Print Size'
arm-xilinx-eabi-size touch.elf  |tee "touch.elf.size"
   text	   data	    bss	    dec	    hex	filename
  19380	   1152	  22564	  43096	   a858	touch.elf
'Finished building: touch.elf.size'
' '
17:27:41 **** Build of configuration Debug for project touch_bsp_xiicps_polled_master_example_1 ****
make all 
'Building file: ../src/xiicps_polled_master_example.c'
'Invoking: ARM gcc compiler'
arm-xilinx-eabi-gcc -Wall -O0 -g3 -c -fmessage-length=0 -MT"src/xiicps_polled_master_example.o" -I../../touch_bsp/ps7_cortexa9_0/include -MMD -MP -MF"src/xiicps_polled_master_example.d" -MT"src/xiicps_polled_master_example.d" -o "src/xiicps_polled_master_example.o" "../src/xiicps_polled_master_example.c"
'Finished building: ../src/xiicps_polled_master_example.c'
' '
'Building target: touch_bsp_xiicps_polled_master_example_1.elf'
'Invoking: ARM gcc linker'
arm-xilinx-eabi-gcc -Wl,-T -Wl,../src/lscript.ld -L../../touch_bsp/ps7_cortexa9_0/lib -o "touch_bsp_xiicps_polled_master_example_1.elf"  ./src/xiicps_polled_master_example.o   -Wl,--start-group,-lxil,-lgcc,-lc,--end-group
'Finished building target: touch_bsp_xiicps_polled_master_example_1.elf'
' '
'Invoking: ARM Print Size'
arm-xilinx-eabi-size touch_bsp_xiicps_polled_master_example_1.elf  |tee "touch_bsp_xiicps_polled_master_example_1.elf.size"
   text	   data	    bss	    dec	    hex	filename
  28972	   1168	  22900	  53040	   cf30	touch_bsp_xiicps_polled_master_example_1.elf
'Finished building: touch_bsp_xiicps_polled_master_example_1.elf.size'
' '
21:51:05 **** Auto Build of configuration Debug for project touch ****
make all 
'Building file: ../src/main.c'
'Invoking: ARM gcc compiler'
arm-xilinx-eabi-gcc -Wall -O0 -g3 -c -fmessage-length=0 -MT"src/main.o" -I../../touch_bsp/ps7_cortexa9_0/include -MMD -MP -MF"src/main.d" -MT"src/main.d" -o "src/main.o" "../src/main.c"
../src/main.c:2:22: fatal error: platform.h: No such file or directory
 #include "platform.h"
                      ^
compilation terminated.
make: *** [src/main.o] ¥ÌŒÛ 1
21:51:31 **** Auto Build of configuration Debug for project touch ****
make all 
'Building file: ../src/main.c'
'Invoking: ARM gcc compiler'
arm-xilinx-eabi-gcc -Wall -O0 -g3 -c -fmessage-length=0 -MT"src/main.o" -I../../touch_bsp/ps7_cortexa9_0/include -MMD -MP -MF"src/main.d" -MT"src/main.d" -o "src/main.o" "../src/main.c"
../src/main.c: In function 'writeReg':
../src/main.c:74:2: warning: implicit declaration of function 'usleep' [-Wimplicit-function-declaration]
  usleep(8000);
  ^
../src/main.c: In function 'main':
../src/main.c:109:5: warning: implicit declaration of function 'init_platform' [-Wimplicit-function-declaration]
     init_platform();
     ^
../src/main.c:119:5: error: 'for' loop initial declarations are only allowed in C99 or C11 mode
     for(int i=1; i < 12; i++ )
     ^
../src/main.c:119:5: note: use option -std=c99, -std=gnu99, -std=c11 or -std=gnu11 to compile your code
../src/main.c:124:13: error: redefinition of 'i'
     for(int i = 0; i < 12; i++)
             ^
../src/main.c:119:13: note: previous definition of 'i' was here
     for(int i=1; i < 12; i++ )
             ^
../src/main.c:124:5: error: 'for' loop initial declarations are only allowed in C99 or C11 mode
     for(int i = 0; i < 12; i++)
     ^
../src/main.c:132:5: warning: implicit declaration of function 'cleanup_platform' [-Wimplicit-function-declaration]
     cleanup_platform();
     ^
make: *** [src/main.o] ¥ÌŒÛ 1
22:23:51 **** Auto Build of configuration Debug for project touch ****
make all 
'Building file: ../src/main.c'
'Invoking: ARM gcc compiler'
arm-xilinx-eabi-gcc -Wall -O0 -g3 -c -fmessage-length=0 -MT"src/main.o" -I../../touch_bsp/ps7_cortexa9_0/include -MMD -MP -MF"src/main.d" -MT"src/main.d" -o "src/main.o" "../src/main.c"
../src/main.c:2:22: fatal error: platform.h: No such file or directory
 #include "platform.h"
                      ^
compilation terminated.
make: *** [src/main.o] ¥ÌŒÛ 1
22:54:10 **** Auto Build of configuration Debug for project touch ****
make all 
'Building file: ../src/main.c'
'Invoking: ARM gcc compiler'
arm-xilinx-eabi-gcc -Wall -O0 -g3 -c -fmessage-length=0 -MT"src/main.o" -I../../touch_bsp/ps7_cortexa9_0/include -MMD -MP -MF"src/main.d" -MT"src/main.d" -o "src/main.o" "../src/main.c"
../src/main.c: In function 'writeReg':
../src/main.c:74:2: warning: implicit declaration of function 'usleep' [-Wimplicit-function-declaration]
  usleep(8000);
  ^
../src/main.c: In function 'main':
../src/main.c:109:5: warning: implicit declaration of function 'init_platform' [-Wimplicit-function-declaration]
     init_platform();
     ^
../src/main.c:134:5: warning: implicit declaration of function 'cleanup_platform' [-Wimplicit-function-declaration]
     cleanup_platform();
     ^
'Finished building: ../src/main.c'
' '
'Building target: touch.elf'
'Invoking: ARM gcc linker'
arm-xilinx-eabi-gcc -Wl,-T -Wl,../src/lscript.ld -L../../touch_bsp/ps7_cortexa9_0/lib -o "touch.elf"  ./src/main.o   -Wl,--start-group,-lxil,-lgcc,-lc,--end-group
./src/main.o: In function `main':
F:\ZYNQ\gpio_mio\gpio_mio.sdk\touch\Debug/../src/main.c:109: undefined reference to `init_platform'
F:\ZYNQ\gpio_mio\gpio_mio.sdk\touch\Debug/../src/main.c:134: undefined reference to `cleanup_platform'
collect2.exe: error: ld returned 1 exit status
make: *** [touch.elf] ¥ÌŒÛ 1
23:52:37 **** Auto Build of configuration Debug for project touch ****
make all 
'Building file: ../src/main.c'
'Invoking: ARM gcc compiler'
arm-xilinx-eabi-gcc -Wall -O0 -g3 -c -fmessage-length=0 -MT"src/main.o" -I../../touch_bsp/ps7_cortexa9_0/include -MMD -MP -MF"src/main.d" -MT"src/main.d" -o "src/main.o" "../src/main.c"
../src/main.c:2:22: fatal error: platform.h: No such file or directory
 #include "platform.h"
                      ^
compilation terminated.
make: *** [src/main.o] ¥ÌŒÛ 1
15:50:45 **** Clean-only build of configuration Debug for project touch ****
make clean 
rm -rf  ./src/main.o  ./src/main.d  touch.elf.size  touch.elf
' '
15:50:46 **** Auto Build of configuration Debug for project touch ****
make all 
'Building file: ../src/main.c'
'Invoking: ARM gcc compiler'
arm-xilinx-eabi-gcc -Wall -O0 -g3 -c -fmessage-length=0 -MT"src/main.o" -I../../touch_bsp/ps7_cortexa9_0/include -MMD -MP -MF"src/main.d" -MT"src/main.d" -o "src/main.o" "../src/main.c"
../src/main.c: In function 'writeReg':
../src/main.c:73:2: warning: implicit declaration of function 'usleep' [-Wimplicit-function-declaration]
  usleep(8000);
  ^
../src/main.c: In function 'main':
../src/main.c:108:5: warning: implicit declaration of function 'init_platform' [-Wimplicit-function-declaration]
     init_platform();
     ^
../src/main.c:133:5: warning: implicit declaration of function 'cleanup_platform' [-Wimplicit-function-declaration]
     cleanup_platform();
     ^
'Finished building: ../src/main.c'
' '
'Building target: touch.elf'
'Invoking: ARM gcc linker'
arm-xilinx-eabi-gcc -Wl,-T -Wl,../src/lscript.ld -L../../touch_bsp/ps7_cortexa9_0/lib -o "touch.elf"  ./src/main.o   -Wl,--start-group,-lxil,-lgcc,-lc,--end-group
./src/main.o: In function `main':
F:\ZYNQ\gpio_mio\gpio_mio.sdk\touch\Debug/../src/main.c:108: undefined reference to `init_platform'
F:\ZYNQ\gpio_mio\gpio_mio.sdk\touch\Debug/../src/main.c:133: undefined reference to `cleanup_platform'
collect2.exe: error: ld returned 1 exit status
make: *** [touch.elf] ¥ÌŒÛ 1
15:51:28 **** Auto Build of configuration Debug for project touch ****
make all 
'Building file: ../src/main.c'
'Invoking: ARM gcc compiler'
arm-xilinx-eabi-gcc -Wall -O0 -g3 -c -fmessage-length=0 -MT"src/main.o" -I../../touch_bsp/ps7_cortexa9_0/include -MMD -MP -MF"src/main.d" -MT"src/main.d" -o "src/main.o" "../src/main.c"
../src/main.c:3:22: fatal error: platform.h: No such file or directory
 #include "platform.h"
                      ^
compilation terminated.
make: *** [src/main.o] ¥ÌŒÛ 1
15:51:47 **** Auto Build of configuration Debug for project touch ****
make all 
'Building file: ../src/main.c'
'Invoking: ARM gcc compiler'
arm-xilinx-eabi-gcc -Wall -O0 -g3 -c -fmessage-length=0 -MT"src/main.o" -I../../touch_bsp/ps7_cortexa9_0/include -MMD -MP -MF"src/main.d" -MT"src/main.d" -o "src/main.o" "../src/main.c"
../src/main.c: In function 'writeReg':
../src/main.c:74:2: warning: implicit declaration of function 'usleep' [-Wimplicit-function-declaration]
  usleep(8000);
  ^
../src/main.c: In function 'main':
../src/main.c:109:5: warning: implicit declaration of function 'init_platform' [-Wimplicit-function-declaration]
     init_platform();
     ^
../src/main.c:134:5: warning: implicit declaration of function 'cleanup_platform' [-Wimplicit-function-declaration]
     cleanup_platform();
     ^
'Finished building: ../src/main.c'
' '
'Building target: touch.elf'
'Invoking: ARM gcc linker'
arm-xilinx-eabi-gcc -Wl,-T -Wl,../src/lscript.ld -L../../touch_bsp/ps7_cortexa9_0/lib -o "touch.elf"  ./src/main.o   -Wl,--start-group,-lxil,-lgcc,-lc,--end-group
./src/main.o: In function `main':
F:\ZYNQ\gpio_mio\gpio_mio.sdk\touch\Debug/../src/main.c:109: undefined reference to `init_platform'
F:\ZYNQ\gpio_mio\gpio_mio.sdk\touch\Debug/../src/main.c:134: undefined reference to `cleanup_platform'
collect2.exe: error: ld returned 1 exit status
make: *** [touch.elf] ¥ÌŒÛ 1
15:51:53 **** Auto Build of configuration Debug for project touch ****
make all 
'Building file: ../src/main.c'
'Invoking: ARM gcc compiler'
arm-xilinx-eabi-gcc -Wall -O0 -g3 -c -fmessage-length=0 -MT"src/main.o" -I../../touch_bsp/ps7_cortexa9_0/include -MMD -MP -MF"src/main.d" -MT"src/main.d" -o "src/main.o" "../src/main.c"
../src/main.c: In function 'writeReg':
../src/main.c:74:2: warning: implicit declaration of function 'usleep' [-Wimplicit-function-declaration]
  usleep(8000);
  ^
'Finished building: ../src/main.c'
' '
'Building target: touch.elf'
'Invoking: ARM gcc linker'
arm-xilinx-eabi-gcc -Wl,-T -Wl,../src/lscript.ld -L../../touch_bsp/ps7_cortexa9_0/lib -o "touch.elf"  ./src/main.o   -Wl,--start-group,-lxil,-lgcc,-lc,--end-group
'Finished building target: touch.elf'
' '
'Invoking: ARM Print Size'
arm-xilinx-eabi-size touch.elf  |tee "touch.elf.size"
   text	   data	    bss	    dec	    hex	filename
  64744	   2352	  22716	  89812	  15ed4	touch.elf
'Finished building: touch.elf.size'
' '
16:26:52 **** Auto Build of configuration Debug for project touch ****
make all 
'Building file: ../src/main.c'
'Invoking: ARM gcc compiler'
arm-xilinx-eabi-gcc -Wall -O0 -g3 -c -fmessage-length=0 -MT"src/main.o" -I../../touch_bsp/ps7_cortexa9_0/include -MMD -MP -MF"src/main.d" -MT"src/main.d" -o "src/main.o" "../src/main.c"
../src/main.c: In function 'writeReg':
../src/main.c:75:2: warning: implicit declaration of function 'usleep' [-Wimplicit-function-declaration]
  usleep(8000);
  ^
'Finished building: ../src/main.c'
' '
'Building target: touch.elf'
'Invoking: ARM gcc linker'
arm-xilinx-eabi-gcc -Wl,-T -Wl,../src/lscript.ld -L../../touch_bsp/ps7_cortexa9_0/lib -o "touch.elf"  ./src/main.o   -Wl,--start-group,-lxil,-lgcc,-lc,--end-group
'Finished building target: touch.elf'
' '
'Invoking: ARM Print Size'
arm-xilinx-eabi-size touch.elf  |tee "touch.elf.size"
   text	   data	    bss	    dec	    hex	filename
  64752	   2352	  22716	  89820	  15edc	touch.elf
'Finished building: touch.elf.size'
' '
16:26:59 **** Incremental Build of configuration Debug for project touch ****
make all 
make: Nothing to be done for `all'.
16:27:24 **** Incremental Build of configuration Debug for project touch ****
make all 
make: Nothing to be done for `all'.
16:58:44 **** Auto Build of configuration Debug for project touch ****
make all 
'Building file: ../src/main.c'
'Invoking: ARM gcc compiler'
arm-xilinx-eabi-gcc -Wall -O0 -g3 -c -fmessage-length=0 -MT"src/main.o" -I../../touch_bsp/ps7_cortexa9_0/include -MMD -MP -MF"src/main.d" -MT"src/main.d" -o "src/main.o" "../src/main.c"
../src/main.c: In function 'writeReg':
../src/main.c:75:2: warning: implicit declaration of function 'usleep' [-Wimplicit-function-declaration]
  usleep(8000);
  ^
'Finished building: ../src/main.c'
' '
'Building target: touch.elf'
'Invoking: ARM gcc linker'
arm-xilinx-eabi-gcc -Wl,-T -Wl,../src/lscript.ld -L../../touch_bsp/ps7_cortexa9_0/lib -o "touch.elf"  ./src/main.o   -Wl,--start-group,-lxil,-lgcc,-lc,--end-group
'Finished building target: touch.elf'
' '
'Invoking: ARM Print Size'
arm-xilinx-eabi-size touch.elf  |tee "touch.elf.size"
   text	   data	    bss	    dec	    hex	filename
  64752	   2352	  22716	  89820	  15edc	touch.elf
'Finished building: touch.elf.size'
' '
18:04:16 **** Auto Build of configuration Debug for project touch ****
make all 
'Building file: ../src/main.c'
'Invoking: ARM gcc compiler'
arm-xilinx-eabi-gcc -Wall -O0 -g3 -c -fmessage-length=0 -MT"src/main.o" -I../../touch_bsp/ps7_cortexa9_0/include -MMD -MP -MF"src/main.d" -MT"src/main.d" -o "src/main.o" "../src/main.c"
../src/main.c:3:22: fatal error: platform.h: No such file or directory
 #include "platform.h"
                      ^
compilation terminated.
make: *** [src/main.o] ¥ÌŒÛ 1
18:04:44 **** Build of project hello_bsp ****
make -k all 
"Running Make include in ps7_cortexa9_0/libsrc/coresightps_dcc_v1_0/src"
E:/Xilinx/SDK/2015.2/gnuwin/bin/make -C ps7_cortexa9_0/libsrc/coresightps_dcc_v1_0/src -s include  "SHELL=CMD" "COMPILER=arm-xilinx-eabi-gcc" "ARCHIVER=arm-xilinx-eabi-ar" "COMPILER_FLAGS=  -O2 -c" "EXTRA_COMPILER_FLAGS=-g"
"Running Make include in ps7_cortexa9_0/libsrc/cpu_cortexa9_v2_1/src"
E:/Xilinx/SDK/2015.2/gnuwin/bin/make -C ps7_cortexa9_0/libsrc/cpu_cortexa9_v2_1/src -s include  "SHELL=CMD" "COMPILER=arm-xilinx-eabi-gcc" "ARCHIVER=arm-xilinx-eabi-ar" "COMPILER_FLAGS=  -O2 -c" "EXTRA_COMPILER_FLAGS=-g"
"Running Make include in ps7_cortexa9_0/libsrc/devcfg_v3_3/src"
E:/Xilinx/SDK/2015.2/gnuwin/bin/make -C ps7_cortexa9_0/libsrc/devcfg_v3_3/src -s include  "SHELL=CMD" "COMPILER=arm-xilinx-eabi-gcc" "ARCHIVER=arm-xilinx-eabi-ar" "COMPILER_FLAGS=  -O2 -c" "EXTRA_COMPILER_FLAGS=-g"
"Running Make include in ps7_cortexa9_0/libsrc/dmaps_v2_1/src"
E:/Xilinx/SDK/2015.2/gnuwin/bin/make -C ps7_cortexa9_0/libsrc/dmaps_v2_1/src -s include  "SHELL=CMD" "COMPILER=arm-xilinx-eabi-gcc" "ARCHIVER=arm-xilinx-eabi-ar" "COMPILER_FLAGS=  -O2 -c" "EXTRA_COMPILER_FLAGS=-g"
"Running Make include in ps7_cortexa9_0/libsrc/emacps_v3_0/src"
E:/Xilinx/SDK/2015.2/gnuwin/bin/make -C ps7_cortexa9_0/libsrc/emacps_v3_0/src -s include  "SHELL=CMD" "COMPILER=arm-xilinx-eabi-gcc" "ARCHIVER=arm-xilinx-eabi-ar" "COMPILER_FLAGS=  -O2 -c" "EXTRA_COMPILER_FLAGS=-g"
"Running Make include in ps7_cortexa9_0/libsrc/gpiops_v3_0/src"
E:/Xilinx/SDK/2015.2/gnuwin/bin/make -C ps7_cortexa9_0/libsrc/gpiops_v3_0/src -s include  "SHELL=CMD" "COMPILER=arm-xilinx-eabi-gcc" "ARCHIVER=arm-xilinx-eabi-ar" "COMPILER_FLAGS=  -O2 -c" "EXTRA_COMPILER_FLAGS=-g"
"Running Make include in ps7_cortexa9_0/libsrc/iicps_v3_0/src"
E:/Xilinx/SDK/2015.2/gnuwin/bin/make -C ps7_cortexa9_0/libsrc/iicps_v3_0/src -s include  "SHELL=CMD" "COMPILER=arm-xilinx-eabi-gcc" "ARCHIVER=arm-xilinx-eabi-ar" "COMPILER_FLAGS=  -O2 -c" "EXTRA_COMPILER_FLAGS=-g"
"Running Make include in ps7_cortexa9_0/libsrc/qspips_v3_2/src"
E:/Xilinx/SDK/2015.2/gnuwin/bin/make -C ps7_cortexa9_0/libsrc/qspips_v3_2/src -s include  "SHELL=CMD" "COMPILER=arm-xilinx-eabi-gcc" "ARCHIVER=arm-xilinx-eabi-ar" "COMPILER_FLAGS=  -O2 -c" "EXTRA_COMPILER_FLAGS=-g"
"Running Make include in ps7_cortexa9_0/libsrc/scugic_v3_0/src"
E:/Xilinx/SDK/2015.2/gnuwin/bin/make -C ps7_cortexa9_0/libsrc/scugic_v3_0/src -s include  "SHELL=CMD" "COMPILER=arm-xilinx-eabi-gcc" "ARCHIVER=arm-xilinx-eabi-ar" "COMPILER_FLAGS=  -O2 -c" "EXTRA_COMPILER_FLAGS=-g"
"Running Make include in ps7_cortexa9_0/libsrc/scutimer_v2_1/src"
E:/Xilinx/SDK/2015.2/gnuwin/bin/make -C ps7_cortexa9_0/libsrc/scutimer_v2_1/src -s include  "SHELL=CMD" "COMPILER=arm-xilinx-eabi-gcc" "ARCHIVER=arm-xilinx-eabi-ar" "COMPILER_FLAGS=  -O2 -c" "EXTRA_COMPILER_FLAGS=-g"
"Running Make include in ps7_cortexa9_0/libsrc/scuwdt_v2_1/src"
E:/Xilinx/SDK/2015.2/gnuwin/bin/make -C ps7_cortexa9_0/libsrc/scuwdt_v2_1/src -s include  "SHELL=CMD" "COMPILER=arm-xilinx-eabi-gcc" "ARCHIVER=arm-xilinx-eabi-ar" "COMPILER_FLAGS=  -O2 -c" "EXTRA_COMPILER_FLAGS=-g"
"Running Make include in ps7_cortexa9_0/libsrc/sdps_v2_4/src"
E:/Xilinx/SDK/2015.2/gnuwin/bin/make -C ps7_cortexa9_0/libsrc/sdps_v2_4/src -s include  "SHELL=CMD" "COMPILER=arm-xilinx-eabi-gcc" "ARCHIVER=arm-xilinx-eabi-ar" "COMPILER_FLAGS=  -O2 -c" "EXTRA_COMPILER_FLAGS=-g"
"Running Make include in ps7_cortexa9_0/libsrc/standalone_v5_1/src"
E:/Xilinx/SDK/2015.2/gnuwin/bin/make -C ps7_cortexa9_0/libsrc/standalone_v5_1/src -s include  "SHELL=CMD" "COMPILER=arm-xilinx-eabi-gcc" "ARCHIVER=arm-xilinx-eabi-ar" "COMPILER_FLAGS=  -O2 -c" "EXTRA_COMPILER_FLAGS=-g"
"Running Make include in ps7_cortexa9_0/libsrc/ttcps_v3_0/src"
E:/Xilinx/SDK/2015.2/gnuwin/bin/make -C ps7_cortexa9_0/libsrc/ttcps_v3_0/src -s include  "SHELL=CMD" "COMPILER=arm-xilinx-eabi-gcc" "ARCHIVER=arm-xilinx-eabi-ar" "COMPILER_FLAGS=  -O2 -c" "EXTRA_COMPILER_FLAGS=-g"
"Running Make include in ps7_cortexa9_0/libsrc/uartps_v3_0/src"
E:/Xilinx/SDK/2015.2/gnuwin/bin/make -C ps7_cortexa9_0/libsrc/uartps_v3_0/src -s include  "SHELL=CMD" "COMPILER=arm-xilinx-eabi-gcc" "ARCHIVER=arm-xilinx-eabi-ar" "COMPILER_FLAGS=  -O2 -c" "EXTRA_COMPILER_FLAGS=-g"
"Running Make include in ps7_cortexa9_0/libsrc/usbps_v2_2/src"
E:/Xilinx/SDK/2015.2/gnuwin/bin/make -C ps7_cortexa9_0/libsrc/usbps_v2_2/src -s include  "SHELL=CMD" "COMPILER=arm-xilinx-eabi-gcc" "ARCHIVER=arm-xilinx-eabi-ar" "COMPILER_FLAGS=  -O2 -c" "EXTRA_COMPILER_FLAGS=-g"
"Running Make include in ps7_cortexa9_0/libsrc/xadcps_v2_2/src"
E:/Xilinx/SDK/2015.2/gnuwin/bin/make -C ps7_cortexa9_0/libsrc/xadcps_v2_2/src -s include  "SHELL=CMD" "COMPILER=arm-xilinx-eabi-gcc" "ARCHIVER=arm-xilinx-eabi-ar" "COMPILER_FLAGS=  -O2 -c" "EXTRA_COMPILER_FLAGS=-g"
"Running Make libs in ps7_cortexa9_0/libsrc/coresightps_dcc_v1_0/src"
E:/Xilinx/SDK/2015.2/gnuwin/bin/make -C ps7_cortexa9_0/libsrc/coresightps_dcc_v1_0/src -s libs  "SHELL=CMD" "COMPILER=arm-xilinx-eabi-gcc" "ARCHIVER=arm-xilinx-eabi-ar" "COMPILER_FLAGS=  -O2 -c" "EXTRA_COMPILER_FLAGS=-g"
"Compiling coresightps_dcc"
arm-xilinx-eabi-ar: creating ../../../lib/libxil.a
"Running Make libs in ps7_cortexa9_0/libsrc/cpu_cortexa9_v2_1/src"
E:/Xilinx/SDK/2015.2/gnuwin/bin/make -C ps7_cortexa9_0/libsrc/cpu_cortexa9_v2_1/src -s libs  "SHELL=CMD" "COMPILER=arm-xilinx-eabi-gcc" "ARCHIVER=arm-xilinx-eabi-ar" "COMPILER_FLAGS=  -O2 -c" "EXTRA_COMPILER_FLAGS=-g"
"Compiling cpu_cortexa9"
"Running Make libs in ps7_cortexa9_0/libsrc/devcfg_v3_3/src"
E:/Xilinx/SDK/2015.2/gnuwin/bin/make -C ps7_cortexa9_0/libsrc/devcfg_v3_3/src -s libs  "SHELL=CMD" "COMPILER=arm-xilinx-eabi-gcc" "ARCHIVER=arm-xilinx-eabi-ar" "COMPILER_FLAGS=  -O2 -c" "EXTRA_COMPILER_FLAGS=-g"
"Compiling devcfg"
"Running Make libs in ps7_cortexa9_0/libsrc/dmaps_v2_1/src"
E:/Xilinx/SDK/2015.2/gnuwin/bin/make -C ps7_cortexa9_0/libsrc/dmaps_v2_1/src -s libs  "SHELL=CMD" "COMPILER=arm-xilinx-eabi-gcc" "ARCHIVER=arm-xilinx-eabi-ar" "COMPILER_FLAGS=  -O2 -c" "EXTRA_COMPILER_FLAGS=-g"
"Compiling dmaps"
"Running Make libs in ps7_cortexa9_0/libsrc/emacps_v3_0/src"
E:/Xilinx/SDK/2015.2/gnuwin/bin/make -C ps7_cortexa9_0/libsrc/emacps_v3_0/src -s libs  "SHELL=CMD" "COMPILER=arm-xilinx-eabi-gcc" "ARCHIVER=arm-xilinx-eabi-ar" "COMPILER_FLAGS=  -O2 -c" "EXTRA_COMPILER_FLAGS=-g"
"Compiling emacps"
"Running Make libs in ps7_cortexa9_0/libsrc/gpiops_v3_0/src"
E:/Xilinx/SDK/2015.2/gnuwin/bin/make -C ps7_cortexa9_0/libsrc/gpiops_v3_0/src -s libs  "SHELL=CMD" "COMPILER=arm-xilinx-eabi-gcc" "ARCHIVER=arm-xilinx-eabi-ar" "COMPILER_FLAGS=  -O2 -c" "EXTRA_COMPILER_FLAGS=-g"
"Compiling gpiops"
"Running Make libs in ps7_cortexa9_0/libsrc/iicps_v3_0/src"
E:/Xilinx/SDK/2015.2/gnuwin/bin/make -C ps7_cortexa9_0/libsrc/iicps_v3_0/src -s libs  "SHELL=CMD" "COMPILER=arm-xilinx-eabi-gcc" "ARCHIVER=arm-xilinx-eabi-ar" "COMPILER_FLAGS=  -O2 -c" "EXTRA_COMPILER_FLAGS=-g"
"Compiling iicps"
"Running Make libs in ps7_cortexa9_0/libsrc/qspips_v3_2/src"
E:/Xilinx/SDK/2015.2/gnuwin/bin/make -C ps7_cortexa9_0/libsrc/qspips_v3_2/src -s libs  "SHELL=CMD" "COMPILER=arm-xilinx-eabi-gcc" "ARCHIVER=arm-xilinx-eabi-ar" "COMPILER_FLAGS=  -O2 -c" "EXTRA_COMPILER_FLAGS=-g"
"Compiling qspips"
"Running Make libs in ps7_cortexa9_0/libsrc/scugic_v3_0/src"
E:/Xilinx/SDK/2015.2/gnuwin/bin/make -C ps7_cortexa9_0/libsrc/scugic_v3_0/src -s libs  "SHELL=CMD" "COMPILER=arm-xilinx-eabi-gcc" "ARCHIVER=arm-xilinx-eabi-ar" "COMPILER_FLAGS=  -O2 -c" "EXTRA_COMPILER_FLAGS=-g"
"Compiling scugic"
"Running Make libs in ps7_cortexa9_0/libsrc/scutimer_v2_1/src"
E:/Xilinx/SDK/2015.2/gnuwin/bin/make -C ps7_cortexa9_0/libsrc/scutimer_v2_1/src -s libs  "SHELL=CMD" "COMPILER=arm-xilinx-eabi-gcc" "ARCHIVER=arm-xilinx-eabi-ar" "COMPILER_FLAGS=  -O2 -c" "EXTRA_COMPILER_FLAGS=-g"
"Compiling scutimer"
"Running Make libs in ps7_cortexa9_0/libsrc/scuwdt_v2_1/src"
E:/Xilinx/SDK/2015.2/gnuwin/bin/make -C ps7_cortexa9_0/libsrc/scuwdt_v2_1/src -s libs  "SHELL=CMD" "COMPILER=arm-xilinx-eabi-gcc" "ARCHIVER=arm-xilinx-eabi-ar" "COMPILER_FLAGS=  -O2 -c" "EXTRA_COMPILER_FLAGS=-g"
"Compiling scuwdt"
"Running Make libs in ps7_cortexa9_0/libsrc/sdps_v2_4/src"
E:/Xilinx/SDK/2015.2/gnuwin/bin/make -C ps7_cortexa9_0/libsrc/sdps_v2_4/src -s libs  "SHELL=CMD" "COMPILER=arm-xilinx-eabi-gcc" "ARCHIVER=arm-xilinx-eabi-ar" "COMPILER_FLAGS=  -O2 -c" "EXTRA_COMPILER_FLAGS=-g"
"Compiling sdps"
"Running Make libs in ps7_cortexa9_0/libsrc/standalone_v5_1/src"
E:/Xilinx/SDK/2015.2/gnuwin/bin/make -C ps7_cortexa9_0/libsrc/standalone_v5_1/src -s libs  "SHELL=CMD" "COMPILER=arm-xilinx-eabi-gcc" "ARCHIVER=arm-xilinx-eabi-ar" "COMPILER_FLAGS=  -O2 -c" "EXTRA_COMPILER_FLAGS=-g"
"Compiling standalone"
"Running Make libs in ps7_cortexa9_0/libsrc/ttcps_v3_0/src"
E:/Xilinx/SDK/2015.2/gnuwin/bin/make -C ps7_cortexa9_0/libsrc/ttcps_v3_0/src -s libs  "SHELL=CMD" "COMPILER=arm-xilinx-eabi-gcc" "ARCHIVER=arm-xilinx-eabi-ar" "COMPILER_FLAGS=  -O2 -c" "EXTRA_COMPILER_FLAGS=-g"
"Compiling ttcps"
"Running Make libs in ps7_cortexa9_0/libsrc/uartps_v3_0/src"
E:/Xilinx/SDK/2015.2/gnuwin/bin/make -C ps7_cortexa9_0/libsrc/uartps_v3_0/src -s libs  "SHELL=CMD" "COMPILER=arm-xilinx-eabi-gcc" "ARCHIVER=arm-xilinx-eabi-ar" "COMPILER_FLAGS=  -O2 -c" "EXTRA_COMPILER_FLAGS=-g"
"Compiling uartps"
"Running Make libs in ps7_cortexa9_0/libsrc/usbps_v2_2/src"
E:/Xilinx/SDK/2015.2/gnuwin/bin/make -C ps7_cortexa9_0/libsrc/usbps_v2_2/src -s libs  "SHELL=CMD" "COMPILER=arm-xilinx-eabi-gcc" "ARCHIVER=arm-xilinx-eabi-ar" "COMPILER_FLAGS=  -O2 -c" "EXTRA_COMPILER_FLAGS=-g"
"Compiling usbps"
"Running Make libs in ps7_cortexa9_0/libsrc/xadcps_v2_2/src"
E:/Xilinx/SDK/2015.2/gnuwin/bin/make -C ps7_cortexa9_0/libsrc/xadcps_v2_2/src -s libs  "SHELL=CMD" "COMPILER=arm-xilinx-eabi-gcc" "ARCHIVER=arm-xilinx-eabi-ar" "COMPILER_FLAGS=  -O2 -c" "EXTRA_COMPILER_FLAGS=-g"
"Compiling xadcps"
'Finished building libraries'
18:05:37 **** Build of configuration Debug for project hello ****
make all 
'Building file: ../src/helloworld.c'
'Invoking: ARM gcc compiler'
arm-xilinx-eabi-gcc -Wall -O0 -g3 -c -fmessage-length=0 -MT"src/helloworld.o" -I../../hello_bsp/ps7_cortexa9_0/include -MMD -MP -MF"src/helloworld.d" -MT"src/helloworld.d" -o "src/helloworld.o" "../src/helloworld.c"
'Finished building: ../src/helloworld.c'
' '
'Building file: ../src/platform.c'
'Invoking: ARM gcc compiler'
arm-xilinx-eabi-gcc -Wall -O0 -g3 -c -fmessage-length=0 -MT"src/platform.o" -I../../hello_bsp/ps7_cortexa9_0/include -MMD -MP -MF"src/platform.d" -MT"src/platform.d" -o "src/platform.o" "../src/platform.c"
'Finished building: ../src/platform.c'
' '
'Building target: hello.elf'
'Invoking: ARM gcc linker'
arm-xilinx-eabi-gcc -Wl,-T -Wl,../src/lscript.ld -L../../hello_bsp/ps7_cortexa9_0/lib -o "hello.elf"  ./src/helloworld.o ./src/platform.o   -Wl,--start-group,-lxil,-lgcc,-lc,--end-group
'Finished building target: hello.elf'
' '
'Invoking: ARM Print Size'
arm-xilinx-eabi-size hello.elf  |tee "hello.elf.size"
   text	   data	    bss	    dec	    hex	filename
  22888	   1152	  22564	  46604	   b60c	hello.elf
'Finished building: hello.elf.size'
' '
18:12:08 **** Auto Build of configuration Debug for project touch ****
make all 
'Building file: ../src/main.c'
'Invoking: ARM gcc compiler'
arm-xilinx-eabi-gcc -Wall -O0 -g3 -c -fmessage-length=0 -MT"src/main.o" -I../../touch_bsp/ps7_cortexa9_0/include -MMD -MP -MF"src/main.d" -MT"src/main.d" -o "src/main.o" "../src/main.c"
../src/main.c:3:22: fatal error: platform.h: No such file or directory
 #include "platform.h"
                      ^
compilation terminated.
make: *** [src/main.o] ¥ÌŒÛ 1
16:13:32 **** Auto Build of configuration Debug for project touch ****
make all 
'Building file: ../src/main.c'
'Invoking: ARM gcc compiler'
arm-xilinx-eabi-gcc -Wall -O0 -g3 -c -fmessage-length=0 -MT"src/main.o" -I../../touch_bsp/ps7_cortexa9_0/include -MMD -MP -MF"src/main.d" -MT"src/main.d" -o "src/main.o" "../src/main.c"
../src/main.c: In function 'writeReg':
../src/main.c:75:2: warning: implicit declaration of function 'usleep' [-Wimplicit-function-declaration]
  usleep(8000);
  ^
'Finished building: ../src/main.c'
' '
'Building target: touch.elf'
'Invoking: ARM gcc linker'
arm-xilinx-eabi-gcc -Wl,-T -Wl,../src/lscript.ld -L../../touch_bsp/ps7_cortexa9_0/lib -o "touch.elf"  ./src/main.o   -Wl,--start-group,-lxil,-lgcc,-lc,--end-group
'Finished building target: touch.elf'
' '
'Invoking: ARM Print Size'
arm-xilinx-eabi-size touch.elf  |tee "touch.elf.size"
   text	   data	    bss	    dec	    hex	filename
  64752	   2352	  22716	  89820	  15edc	touch.elf
'Finished building: touch.elf.size'
' '
16:21:01 **** Incremental Build of configuration Debug for project touch ****
make all 
make: Nothing to be done for `all'.
16:22:00 **** Auto Build of configuration Debug for project touch ****
make all 
'Building file: ../src/main.c'
'Invoking: ARM gcc compiler'
arm-xilinx-eabi-gcc -Wall -O0 -g3 -c -fmessage-length=0 -MT"src/main.o" -I../../touch_bsp/ps7_cortexa9_0/include -MMD -MP -MF"src/main.d" -MT"src/main.d" -o "src/main.o" "../src/main.c"
../src/main.c: In function 'writeReg':
../src/main.c:75:2: warning: implicit declaration of function 'usleep' [-Wimplicit-function-declaration]
  usleep(8000);
  ^
'Finished building: ../src/main.c'
' '
'Building target: touch.elf'
'Invoking: ARM gcc linker'
arm-xilinx-eabi-gcc -Wl,-T -Wl,../src/lscript.ld -L../../touch_bsp/ps7_cortexa9_0/lib -o "touch.elf"  ./src/main.o   -Wl,--start-group,-lxil,-lgcc,-lc,--end-group
'Finished building target: touch.elf'
' '
'Invoking: ARM Print Size'
arm-xilinx-eabi-size touch.elf  |tee "touch.elf.size"
   text	   data	    bss	    dec	    hex	filename
  66688	   2360	  22716	  91764	  16674	touch.elf
'Finished building: touch.elf.size'
' '
16:22:13 **** Incremental Build of configuration Debug for project touch ****
make all 
make: Nothing to be done for `all'.
16:23:13 **** Auto Build of configuration Debug for project touch ****
make all 
'Building file: ../src/main.c'
'Invoking: ARM gcc compiler'
arm-xilinx-eabi-gcc -Wall -O0 -g3 -c -fmessage-length=0 -MT"src/main.o" -I../../touch_bsp/ps7_cortexa9_0/include -MMD -MP -MF"src/main.d" -MT"src/main.d" -o "src/main.o" "../src/main.c"
../src/main.c: In function 'writeReg':
../src/main.c:75:2: warning: implicit declaration of function 'usleep' [-Wimplicit-function-declaration]
  usleep(8000);
  ^
../src/main.c: In function 'main':
../src/main.c:132:6: error: too many arguments to function 'print'
      print("dataBuf[%d] = %x \n",i , dataBuf[i]);
      ^
In file included from ../src/main.c:2:0:
../../touch_bsp/ps7_cortexa9_0/include/xil_printf.h:36:6: note: declared here
 void print( const char8 *ptr);
      ^
make: *** [src/main.o] ¥ÌŒÛ 1
16:24:27 **** Auto Build of configuration Debug for project touch ****
make all 
'Building file: ../src/main.c'
'Invoking: ARM gcc compiler'
arm-xilinx-eabi-gcc -Wall -O0 -g3 -c -fmessage-length=0 -MT"src/main.o" -I../../touch_bsp/ps7_cortexa9_0/include -MMD -MP -MF"src/main.d" -MT"src/main.d" -o "src/main.o" "../src/main.c"
../src/main.c: In function 'writeReg':
../src/main.c:75:2: warning: implicit declaration of function 'usleep' [-Wimplicit-function-declaration]
  usleep(8000);
  ^
../src/main.c: In function 'main':
../src/main.c:132:6: warning: passing argument 1 of 'print' makes pointer from integer without a cast
      print(dataBuf[i]);
      ^
In file included from ../src/main.c:2:0:
../../touch_bsp/ps7_cortexa9_0/include/xil_printf.h:36:6: note: expected 'const char8 *' but argument is of type 'u8'
 void print( const char8 *ptr);
      ^
'Finished building: ../src/main.c'
' '
'Building target: touch.elf'
'Invoking: ARM gcc linker'
arm-xilinx-eabi-gcc -Wl,-T -Wl,../src/lscript.ld -L../../touch_bsp/ps7_cortexa9_0/lib -o "touch.elf"  ./src/main.o   -Wl,--start-group,-lxil,-lgcc,-lc,--end-group
'Finished building target: touch.elf'
' '
'Invoking: ARM Print Size'
arm-xilinx-eabi-size touch.elf  |tee "touch.elf.size"
   text	   data	    bss	    dec	    hex	filename
  66468	   2360	  22716	  91544	  16598	touch.elf
'Finished building: touch.elf.size'
' '
16:25:00 **** Incremental Build of configuration Debug for project touch ****
make all 
make: Nothing to be done for `all'.
16:25:23 **** Incremental Build of configuration Debug for project touch ****
make all 
make: Nothing to be done for `all'.
16:26:14 **** Auto Build of configuration Debug for project touch ****
make all 
'Building file: ../src/main.c'
'Invoking: ARM gcc compiler'
arm-xilinx-eabi-gcc -Wall -O0 -g3 -c -fmessage-length=0 -MT"src/main.o" -I../../touch_bsp/ps7_cortexa9_0/include -MMD -MP -MF"src/main.d" -MT"src/main.d" -o "src/main.o" "../src/main.c"
../src/main.c: In function 'writeReg':
../src/main.c:75:2: warning: implicit declaration of function 'usleep' [-Wimplicit-function-declaration]
  usleep(8000);
  ^
../src/main.c: In function 'main':
../src/main.c:132:6: warning: passing argument 1 of 'print' makes pointer from integer without a cast
      print(dataBuf[i]);
      ^
In file included from ../src/main.c:2:0:
../../touch_bsp/ps7_cortexa9_0/include/xil_printf.h:36:6: note: expected 'const char8 *' but argument is of type 'u8'
 void print( const char8 *ptr);
      ^
'Finished building: ../src/main.c'
' '
'Building target: touch.elf'
'Invoking: ARM gcc linker'
arm-xilinx-eabi-gcc -Wl,-T -Wl,../src/lscript.ld -L../../touch_bsp/ps7_cortexa9_0/lib -o "touch.elf"  ./src/main.o   -Wl,--start-group,-lxil,-lgcc,-lc,--end-group
'Finished building target: touch.elf'
' '
'Invoking: ARM Print Size'
arm-xilinx-eabi-size touch.elf  |tee "touch.elf.size"
   text	   data	    bss	    dec	    hex	filename
  28964	   1192	  22644	  52800	   ce40	touch.elf
'Finished building: touch.elf.size'
' '
16:26:23 **** Incremental Build of configuration Debug for project touch ****
make all 
make: Nothing to be done for `all'.
16:27:30 **** Incremental Build of configuration Debug for project touch ****
make all 
make: Nothing to be done for `all'.
16:32:08 **** Auto Build of configuration Debug for project touch ****
make all 
'Building file: ../src/main.c'
'Invoking: ARM gcc compiler'
arm-xilinx-eabi-gcc -Wall -O0 -g3 -c -fmessage-length=0 -MT"src/main.o" -I../../touch_bsp/ps7_cortexa9_0/include -MMD -MP -MF"src/main.d" -MT"src/main.d" -o "src/main.o" "../src/main.c"
../src/main.c: In function 'writeReg':
../src/main.c:75:2: warning: implicit declaration of function 'usleep' [-Wimplicit-function-declaration]
  usleep(8000);
  ^
../src/main.c: In function 'main':
../src/main.c:132:6: warning: passing argument 1 of 'print' makes pointer from integer without a cast
      print(dataBuf[i]);
      ^
In file included from ../src/main.c:2:0:
../../touch_bsp/ps7_cortexa9_0/include/xil_printf.h:36:6: note: expected 'const char8 *' but argument is of type 'u8'
 void print( const char8 *ptr);
      ^
'Finished building: ../src/main.c'
' '
'Building target: touch.elf'
'Invoking: ARM gcc linker'
arm-xilinx-eabi-gcc -Wl,-T -Wl,../src/lscript.ld -L../../touch_bsp/ps7_cortexa9_0/lib -o "touch.elf"  ./src/main.o   -Wl,--start-group,-lxil,-lgcc,-lc,--end-group
'Finished building target: touch.elf'
' '
'Invoking: ARM Print Size'
arm-xilinx-eabi-size touch.elf  |tee "touch.elf.size"
   text	   data	    bss	    dec	    hex	filename
  29028	   1192	  22644	  52864	   ce80	touch.elf
'Finished building: touch.elf.size'
' '
16:32:19 **** Incremental Build of configuration Debug for project touch ****
make all 
make: Nothing to be done for `all'.
16:35:09 **** Incremental Build of configuration Debug for project touch ****
make all 
make: Nothing to be done for `all'.
16:36:18 **** Incremental Build of configuration Debug for project touch ****
make all 
make: Nothing to be done for `all'.
16:36:45 **** Incremental Build of configuration Debug for project touch ****
make all 
make: Nothing to be done for `all'.
16:37:14 **** Auto Build of configuration Debug for project touch ****
make all 
'Building file: ../src/main.c'
'Invoking: ARM gcc compiler'
arm-xilinx-eabi-gcc -Wall -O0 -g3 -c -fmessage-length=0 -MT"src/main.o" -I../../touch_bsp/ps7_cortexa9_0/include -MMD -MP -MF"src/main.d" -MT"src/main.d" -o "src/main.o" "../src/main.c"
../src/main.c: In function 'writeReg':
../src/main.c:75:2: warning: implicit declaration of function 'usleep' [-Wimplicit-function-declaration]
  usleep(8000);
  ^
../src/main.c: In function 'main':
../src/main.c:132:6: warning: passing argument 1 of 'print' makes pointer from integer without a cast
      print(dataBuf[i]);
      ^
In file included from ../src/main.c:2:0:
../../touch_bsp/ps7_cortexa9_0/include/xil_printf.h:36:6: note: expected 'const char8 *' but argument is of type 'u8'
 void print( const char8 *ptr);
      ^
'Finished building: ../src/main.c'
' '
'Building target: touch.elf'
'Invoking: ARM gcc linker'
arm-xilinx-eabi-gcc -Wl,-T -Wl,../src/lscript.ld -L../../touch_bsp/ps7_cortexa9_0/lib -o "touch.elf"  ./src/main.o   -Wl,--start-group,-lxil,-lgcc,-lc,--end-group
'Finished building target: touch.elf'
' '
'Invoking: ARM Print Size'
arm-xilinx-eabi-size touch.elf  |tee "touch.elf.size"
   text	   data	    bss	    dec	    hex	filename
  29028	   1192	  22644	  52864	   ce80	touch.elf
'Finished building: touch.elf.size'
' '
16:37:16 **** Auto Build of configuration Debug for project touch ****
make all 
'Building file: ../src/main.c'
'Invoking: ARM gcc compiler'
arm-xilinx-eabi-gcc -Wall -O0 -g3 -c -fmessage-length=0 -MT"src/main.o" -I../../touch_bsp/ps7_cortexa9_0/include -MMD -MP -MF"src/main.d" -MT"src/main.d" -o "src/main.o" "../src/main.c"
../src/main.c: In function 'writeReg':
../src/main.c:75:2: warning: implicit declaration of function 'usleep' [-Wimplicit-function-declaration]
  usleep(8000);
  ^
../src/main.c: In function 'main':
../src/main.c:132:6: warning: passing argument 1 of 'print' makes pointer from integer without a cast
      print(dataBuf[i]);
      ^
In file included from ../src/main.c:2:0:
../../touch_bsp/ps7_cortexa9_0/include/xil_printf.h:36:6: note: expected 'const char8 *' but argument is of type 'u8'
 void print( const char8 *ptr);
      ^
'Finished building: ../src/main.c'
' '
'Building target: touch.elf'
'Invoking: ARM gcc linker'
arm-xilinx-eabi-gcc -Wl,-T -Wl,../src/lscript.ld -L../../touch_bsp/ps7_cortexa9_0/lib -o "touch.elf"  ./src/main.o   -Wl,--start-group,-lxil,-lgcc,-lc,--end-group
'Finished building target: touch.elf'
' '
'Invoking: ARM Print Size'
arm-xilinx-eabi-size touch.elf  |tee "touch.elf.size"
   text	   data	    bss	    dec	    hex	filename
  29028	   1192	  22644	  52864	   ce80	touch.elf
'Finished building: touch.elf.size'
' '
16:37:21 **** Incremental Build of configuration Debug for project touch ****
make all 
make: Nothing to be done for `all'.
16:37:36 **** Incremental Build of configuration Debug for project touch ****
make all 
make: Nothing to be done for `all'.
16:39:42 **** Incremental Build of configuration Debug for project touch ****
make all 
make: Nothing to be done for `all'.
16:40:51 **** Incremental Build of configuration Debug for project touch ****
make all 
make: Nothing to be done for `all'.
16:41:20 **** Incremental Build of configuration Debug for project touch ****
make all 
make: Nothing to be done for `all'.
16:41:33 **** Incremental Build of configuration Debug for project touch ****
make all 
make: Nothing to be done for `all'.
16:45:24 **** Incremental Build of configuration Debug for project touch ****
make all 
'Building file: ../src/main.c'
'Invoking: ARM gcc compiler'
arm-xilinx-eabi-gcc -Wall -O0 -g3 -c -fmessage-length=0 -MT"src/main.o" -I../../touch_bsp/ps7_cortexa9_0/include -MMD -MP -MF"src/main.d" -MT"src/main.d" -o "src/main.o" "../src/main.c"
../src/main.c: In function 'initIic':
../src/main.c:38:2: warning: passing argument 1 of 'print' makes pointer from integer without a cast
  print(IicPs_Cfg->BaseAddress);
  ^
In file included from ../src/main.c:2:0:
../../touch_bsp/ps7_cortexa9_0/include/xil_printf.h:36:6: note: expected 'const char8 *' but argument is of type 'u32'
 void print( const char8 *ptr);
      ^
../src/main.c: In function 'writeReg':
../src/main.c:76:2: warning: implicit declaration of function 'usleep' [-Wimplicit-function-declaration]
  usleep(8000);
  ^
../src/main.c: In function 'main':
../src/main.c:133:6: warning: passing argument 1 of 'print' makes pointer from integer without a cast
      print(dataBuf[i]);
      ^
In file included from ../src/main.c:2:0:
../../touch_bsp/ps7_cortexa9_0/include/xil_printf.h:36:6: note: expected 'const char8 *' but argument is of type 'u8'
 void print( const char8 *ptr);
      ^
'Finished building: ../src/main.c'
' '
'Building target: touch.elf'
'Invoking: ARM gcc linker'
arm-xilinx-eabi-gcc -Wl,-T -Wl,../src/lscript.ld -L../../touch_bsp/ps7_cortexa9_0/lib -o "touch.elf"  ./src/main.o   -Wl,--start-group,-lxil,-lgcc,-lc,--end-group
'Finished building target: touch.elf'
' '
'Invoking: ARM Print Size'
arm-xilinx-eabi-size touch.elf  |tee "touch.elf.size"
   text	   data	    bss	    dec	    hex	filename
  29028	   1192	  22644	  52864	   ce80	touch.elf
'Finished building: touch.elf.size'
' '
16:45:39 **** Incremental Build of configuration Debug for project touch ****
make all 
make: Nothing to be done for `all'.
16:46:06 **** Incremental Build of configuration Debug for project touch ****
make all 
make: Nothing to be done for `all'.
16:46:51 **** Incremental Build of configuration Debug for project touch ****
make all 
make: Nothing to be done for `all'.
16:47:59 **** Incremental Build of configuration Debug for project touch ****
make all 
make: Nothing to be done for `all'.
16:48:24 **** Incremental Build of configuration Debug for project touch ****
make all 
make: Nothing to be done for `all'.
16:48:48 **** Incremental Build of configuration Debug for project touch ****
make all 
make: Nothing to be done for `all'.
16:49:12 **** Incremental Build of configuration Debug for project touch ****
make all 
make: Nothing to be done for `all'.
16:52:12 **** Auto Build of configuration Debug for project touch ****
make all 
'Building file: ../src/main.c'
'Invoking: ARM gcc compiler'
arm-xilinx-eabi-gcc -Wall -O0 -g3 -c -fmessage-length=0 -MT"src/main.o" -I../../touch_bsp/ps7_cortexa9_0/include -MMD -MP -MF"src/main.d" -MT"src/main.d" -o "src/main.o" "../src/main.c"
../src/main.c: In function 'initIic':
../src/main.c:38:8: error: expected expression before 'int'
  print(int(IicPs_Cfg->BaseAddress));
        ^
../src/main.c: In function 'writeReg':
../src/main.c:88:2: warning: implicit declaration of function 'usleep' [-Wimplicit-function-declaration]
  usleep(8000);
  ^
../src/main.c: In function 'main':
../src/main.c:145:6: warning: passing argument 1 of 'print' makes pointer from integer without a cast
      print(dataBuf[i]);
      ^
In file included from ../src/main.c:2:0:
../../touch_bsp/ps7_cortexa9_0/include/xil_printf.h:36:6: note: expected 'const char8 *' but argument is of type 'u8'
 void print( const char8 *ptr);
      ^
make: *** [src/main.o] ¥ÌŒÛ 1
16:52:40 **** Auto Build of configuration Debug for project touch ****
make all 
'Building file: ../src/main.c'
'Invoking: ARM gcc compiler'
arm-xilinx-eabi-gcc -Wall -O0 -g3 -c -fmessage-length=0 -MT"src/main.o" -I../../touch_bsp/ps7_cortexa9_0/include -MMD -MP -MF"src/main.d" -MT"src/main.d" -o "src/main.o" "../src/main.c"
../src/main.c: In function 'initIic':
../src/main.c:38:2: error: 'temp' undeclared (first use in this function)
  temp=int(IicPs_Cfg);
  ^
../src/main.c:38:2: note: each undeclared identifier is reported only once for each function it appears in
../src/main.c:38:7: error: expected expression before 'int'
  temp=int(IicPs_Cfg);
       ^
../src/main.c: In function 'writeReg':
../src/main.c:89:2: warning: implicit declaration of function 'usleep' [-Wimplicit-function-declaration]
  usleep(8000);
  ^
../src/main.c: In function 'main':
../src/main.c:146:6: warning: passing argument 1 of 'print' makes pointer from integer without a cast
      print(dataBuf[i]);
      ^
In file included from ../src/main.c:2:0:
../../touch_bsp/ps7_cortexa9_0/include/xil_printf.h:36:6: note: expected 'const char8 *' but argument is of type 'u8'
 void print( const char8 *ptr);
      ^
make: *** [src/main.o] ¥ÌŒÛ 1
16:53:02 **** Auto Build of configuration Debug for project touch ****
make all 
'Building file: ../src/main.c'
'Invoking: ARM gcc compiler'
arm-xilinx-eabi-gcc -Wall -O0 -g3 -c -fmessage-length=0 -MT"src/main.o" -I../../touch_bsp/ps7_cortexa9_0/include -MMD -MP -MF"src/main.d" -MT"src/main.d" -o "src/main.o" "../src/main.c"
../src/main.c: In function 'initIic':
../src/main.c:38:2: error: 'temp' undeclared (first use in this function)
  temp=int(IicPs_Cfg->BaseAddress);
  ^
../src/main.c:38:2: note: each undeclared identifier is reported only once for each function it appears in
../src/main.c:38:7: error: expected expression before 'int'
  temp=int(IicPs_Cfg->BaseAddress);
       ^
../src/main.c: In function 'writeReg':
../src/main.c:89:2: warning: implicit declaration of function 'usleep' [-Wimplicit-function-declaration]
  usleep(8000);
  ^
../src/main.c: In function 'main':
../src/main.c:146:6: warning: passing argument 1 of 'print' makes pointer from integer without a cast
      print(dataBuf[i]);
      ^
In file included from ../src/main.c:2:0:
../../touch_bsp/ps7_cortexa9_0/include/xil_printf.h:36:6: note: expected 'const char8 *' but argument is of type 'u8'
 void print( const char8 *ptr);
      ^
make: *** [src/main.o] ¥ÌŒÛ 1
16:53:09 **** Auto Build of configuration Debug for project touch ****
make all 
'Building file: ../src/main.c'
'Invoking: ARM gcc compiler'
arm-xilinx-eabi-gcc -Wall -O0 -g3 -c -fmessage-length=0 -MT"src/main.o" -I../../touch_bsp/ps7_cortexa9_0/include -MMD -MP -MF"src/main.d" -MT"src/main.d" -o "src/main.o" "../src/main.c"
../src/main.c: In function 'initIic':
../src/main.c:38:11: error: expected expression before 'int'
  int temp=int(IicPs_Cfg->BaseAddress);
           ^
../src/main.c:39:2: warning: passing argument 1 of 'print' makes pointer from integer without a cast
  print(temp);
  ^
In file included from ../src/main.c:2:0:
../../touch_bsp/ps7_cortexa9_0/include/xil_printf.h:36:6: note: expected 'const char8 *' but argument is of type 'int'
 void print( const char8 *ptr);
      ^
../src/main.c: In function 'writeReg':
../src/main.c:89:2: warning: implicit declaration of function 'usleep' [-Wimplicit-function-declaration]
  usleep(8000);
  ^
../src/main.c: In function 'main':
../src/main.c:146:6: warning: passing argument 1 of 'print' makes pointer from integer without a cast
      print(dataBuf[i]);
      ^
In file included from ../src/main.c:2:0:
../../touch_bsp/ps7_cortexa9_0/include/xil_printf.h:36:6: note: expected 'const char8 *' but argument is of type 'u8'
 void print( const char8 *ptr);
      ^
make: *** [src/main.o] ¥ÌŒÛ 1
16:53:33 **** Auto Build of configuration Debug for project touch ****
make all 
'Building file: ../src/main.c'
'Invoking: ARM gcc compiler'
arm-xilinx-eabi-gcc -Wall -O0 -g3 -c -fmessage-length=0 -MT"src/main.o" -I../../touch_bsp/ps7_cortexa9_0/include -MMD -MP -MF"src/main.d" -MT"src/main.d" -o "src/main.o" "../src/main.c"
../src/main.c: In function 'initIic':
../src/main.c:39:2: warning: passing argument 1 of 'print' makes pointer from integer without a cast
  print(temp);
  ^
In file included from ../src/main.c:2:0:
../../touch_bsp/ps7_cortexa9_0/include/xil_printf.h:36:6: note: expected 'const char8 *' but argument is of type 'int'
 void print( const char8 *ptr);
      ^
../src/main.c: In function 'writeReg':
../src/main.c:89:2: warning: implicit declaration of function 'usleep' [-Wimplicit-function-declaration]
  usleep(8000);
  ^
../src/main.c: In function 'main':
../src/main.c:146:6: warning: passing argument 1 of 'print' makes pointer from integer without a cast
      print(dataBuf[i]);
      ^
In file included from ../src/main.c:2:0:
../../touch_bsp/ps7_cortexa9_0/include/xil_printf.h:36:6: note: expected 'const char8 *' but argument is of type 'u8'
 void print( const char8 *ptr);
      ^
'Finished building: ../src/main.c'
' '
'Building target: touch.elf'
'Invoking: ARM gcc linker'
arm-xilinx-eabi-gcc -Wl,-T -Wl,../src/lscript.ld -L../../touch_bsp/ps7_cortexa9_0/lib -o "touch.elf"  ./src/main.o   -Wl,--start-group,-lxil,-lgcc,-lc,--end-group
'Finished building target: touch.elf'
' '
'Invoking: ARM Print Size'
arm-xilinx-eabi-size touch.elf  |tee "touch.elf.size"
   text	   data	    bss	    dec	    hex	filename
  29216	   1192	  22644	  53052	   cf3c	touch.elf
'Finished building: touch.elf.size'
' '
16:55:17 **** Auto Build of configuration Debug for project touch ****
make all 
'Building file: ../src/main.c'
'Invoking: ARM gcc compiler'
arm-xilinx-eabi-gcc -Wall -O0 -g3 -c -fmessage-length=0 -MT"src/main.o" -I../../touch_bsp/ps7_cortexa9_0/include -MMD -MP -MF"src/main.d" -MT"src/main.d" -o "src/main.o" "../src/main.c"
../src/main.c: In function 'initIic':
../src/main.c:39:2: warning: passing argument 1 of 'print' makes pointer from integer without a cast
  print(temp);
  ^
In file included from ../src/main.c:2:0:
../../touch_bsp/ps7_cortexa9_0/include/xil_printf.h:36:6: note: expected 'const char8 *' but argument is of type 'int'
 void print( const char8 *ptr);
      ^
../src/main.c: In function 'writeReg':
../src/main.c:89:2: warning: implicit declaration of function 'usleep' [-Wimplicit-function-declaration]
  usleep(8000);
  ^
../src/main.c: In function 'main':
../src/main.c:154:6: warning: passing argument 1 of 'print' makes pointer from integer without a cast
      print(dataBuf[i]);
      ^
In file included from ../src/main.c:2:0:
../../touch_bsp/ps7_cortexa9_0/include/xil_printf.h:36:6: note: expected 'const char8 *' but argument is of type 'u8'
 void print( const char8 *ptr);
      ^
'Finished building: ../src/main.c'
' '
'Building target: touch.elf'
'Invoking: ARM gcc linker'
arm-xilinx-eabi-gcc -Wl,-T -Wl,../src/lscript.ld -L../../touch_bsp/ps7_cortexa9_0/lib -o "touch.elf"  ./src/main.o   -Wl,--start-group,-lxil,-lgcc,-lc,--end-group
'Finished building target: touch.elf'
' '
'Invoking: ARM Print Size'
arm-xilinx-eabi-size touch.elf  |tee "touch.elf.size"
   text	   data	    bss	    dec	    hex	filename
  29312	   1192	  22644	  53148	   cf9c	touch.elf
'Finished building: touch.elf.size'
' '
17:05:07 **** Incremental Build of configuration Debug for project touch ****
make all 
make: Nothing to be done for `all'.
17:05:26 **** Incremental Build of configuration Debug for project touch ****
make all 
make: Nothing to be done for `all'.
11:22:13 **** Build of project hello_bsp ****
make -k all 
"Running Make include in ps7_cortexa9_0/libsrc/coresightps_dcc_v1_0/src"
E:/Xilinx/SDK/2015.2/gnuwin/bin/make -C ps7_cortexa9_0/libsrc/coresightps_dcc_v1_0/src -s include  "SHELL=CMD" "COMPILER=arm-xilinx-eabi-gcc" "ARCHIVER=arm-xilinx-eabi-ar" "COMPILER_FLAGS=  -O2 -c" "EXTRA_COMPILER_FLAGS=-g"
"Running Make include in ps7_cortexa9_0/libsrc/cpu_cortexa9_v2_1/src"
E:/Xilinx/SDK/2015.2/gnuwin/bin/make -C ps7_cortexa9_0/libsrc/cpu_cortexa9_v2_1/src -s include  "SHELL=CMD" "COMPILER=arm-xilinx-eabi-gcc" "ARCHIVER=arm-xilinx-eabi-ar" "COMPILER_FLAGS=  -O2 -c" "EXTRA_COMPILER_FLAGS=-g"
"Running Make include in ps7_cortexa9_0/libsrc/devcfg_v3_3/src"
E:/Xilinx/SDK/2015.2/gnuwin/bin/make -C ps7_cortexa9_0/libsrc/devcfg_v3_3/src -s include  "SHELL=CMD" "COMPILER=arm-xilinx-eabi-gcc" "ARCHIVER=arm-xilinx-eabi-ar" "COMPILER_FLAGS=  -O2 -c" "EXTRA_COMPILER_FLAGS=-g"
"Running Make include in ps7_cortexa9_0/libsrc/dmaps_v2_1/src"
E:/Xilinx/SDK/2015.2/gnuwin/bin/make -C ps7_cortexa9_0/libsrc/dmaps_v2_1/src -s include  "SHELL=CMD" "COMPILER=arm-xilinx-eabi-gcc" "ARCHIVER=arm-xilinx-eabi-ar" "COMPILER_FLAGS=  -O2 -c" "EXTRA_COMPILER_FLAGS=-g"
"Running Make include in ps7_cortexa9_0/libsrc/emacps_v3_0/src"
E:/Xilinx/SDK/2015.2/gnuwin/bin/make -C ps7_cortexa9_0/libsrc/emacps_v3_0/src -s include  "SHELL=CMD" "COMPILER=arm-xilinx-eabi-gcc" "ARCHIVER=arm-xilinx-eabi-ar" "COMPILER_FLAGS=  -O2 -c" "EXTRA_COMPILER_FLAGS=-g"
"Running Make include in ps7_cortexa9_0/libsrc/gpiops_v3_0/src"
E:/Xilinx/SDK/2015.2/gnuwin/bin/make -C ps7_cortexa9_0/libsrc/gpiops_v3_0/src -s include  "SHELL=CMD" "COMPILER=arm-xilinx-eabi-gcc" "ARCHIVER=arm-xilinx-eabi-ar" "COMPILER_FLAGS=  -O2 -c" "EXTRA_COMPILER_FLAGS=-g"
"Running Make include in ps7_cortexa9_0/libsrc/iicps_v3_0/src"
E:/Xilinx/SDK/2015.2/gnuwin/bin/make -C ps7_cortexa9_0/libsrc/iicps_v3_0/src -s include  "SHELL=CMD" "COMPILER=arm-xilinx-eabi-gcc" "ARCHIVER=arm-xilinx-eabi-ar" "COMPILER_FLAGS=  -O2 -c" "EXTRA_COMPILER_FLAGS=-g"
"Running Make include in ps7_cortexa9_0/libsrc/qspips_v3_2/src"
E:/Xilinx/SDK/2015.2/gnuwin/bin/make -C ps7_cortexa9_0/libsrc/qspips_v3_2/src -s include  "SHELL=CMD" "COMPILER=arm-xilinx-eabi-gcc" "ARCHIVER=arm-xilinx-eabi-ar" "COMPILER_FLAGS=  -O2 -c" "EXTRA_COMPILER_FLAGS=-g"
"Running Make include in ps7_cortexa9_0/libsrc/scugic_v3_0/src"
E:/Xilinx/SDK/2015.2/gnuwin/bin/make -C ps7_cortexa9_0/libsrc/scugic_v3_0/src -s include  "SHELL=CMD" "COMPILER=arm-xilinx-eabi-gcc" "ARCHIVER=arm-xilinx-eabi-ar" "COMPILER_FLAGS=  -O2 -c" "EXTRA_COMPILER_FLAGS=-g"
"Running Make include in ps7_cortexa9_0/libsrc/scutimer_v2_1/src"
E:/Xilinx/SDK/2015.2/gnuwin/bin/make -C ps7_cortexa9_0/libsrc/scutimer_v2_1/src -s include  "SHELL=CMD" "COMPILER=arm-xilinx-eabi-gcc" "ARCHIVER=arm-xilinx-eabi-ar" "COMPILER_FLAGS=  -O2 -c" "EXTRA_COMPILER_FLAGS=-g"
"Running Make include in ps7_cortexa9_0/libsrc/scuwdt_v2_1/src"
E:/Xilinx/SDK/2015.2/gnuwin/bin/make -C ps7_cortexa9_0/libsrc/scuwdt_v2_1/src -s include  "SHELL=CMD" "COMPILER=arm-xilinx-eabi-gcc" "ARCHIVER=arm-xilinx-eabi-ar" "COMPILER_FLAGS=  -O2 -c" "EXTRA_COMPILER_FLAGS=-g"
"Running Make include in ps7_cortexa9_0/libsrc/sdps_v2_4/src"
E:/Xilinx/SDK/2015.2/gnuwin/bin/make -C ps7_cortexa9_0/libsrc/sdps_v2_4/src -s include  "SHELL=CMD" "COMPILER=arm-xilinx-eabi-gcc" "ARCHIVER=arm-xilinx-eabi-ar" "COMPILER_FLAGS=  -O2 -c" "EXTRA_COMPILER_FLAGS=-g"
"Running Make include in ps7_cortexa9_0/libsrc/standalone_v5_1/src"
E:/Xilinx/SDK/2015.2/gnuwin/bin/make -C ps7_cortexa9_0/libsrc/standalone_v5_1/src -s include  "SHELL=CMD" "COMPILER=arm-xilinx-eabi-gcc" "ARCHIVER=arm-xilinx-eabi-ar" "COMPILER_FLAGS=  -O2 -c" "EXTRA_COMPILER_FLAGS=-g"
"Running Make include in ps7_cortexa9_0/libsrc/ttcps_v3_0/src"
E:/Xilinx/SDK/2015.2/gnuwin/bin/make -C ps7_cortexa9_0/libsrc/ttcps_v3_0/src -s include  "SHELL=CMD" "COMPILER=arm-xilinx-eabi-gcc" "ARCHIVER=arm-xilinx-eabi-ar" "COMPILER_FLAGS=  -O2 -c" "EXTRA_COMPILER_FLAGS=-g"
"Running Make include in ps7_cortexa9_0/libsrc/uartps_v3_0/src"
E:/Xilinx/SDK/2015.2/gnuwin/bin/make -C ps7_cortexa9_0/libsrc/uartps_v3_0/src -s include  "SHELL=CMD" "COMPILER=arm-xilinx-eabi-gcc" "ARCHIVER=arm-xilinx-eabi-ar" "COMPILER_FLAGS=  -O2 -c" "EXTRA_COMPILER_FLAGS=-g"
"Running Make include in ps7_cortexa9_0/libsrc/usbps_v2_2/src"
E:/Xilinx/SDK/2015.2/gnuwin/bin/make -C ps7_cortexa9_0/libsrc/usbps_v2_2/src -s include  "SHELL=CMD" "COMPILER=arm-xilinx-eabi-gcc" "ARCHIVER=arm-xilinx-eabi-ar" "COMPILER_FLAGS=  -O2 -c" "EXTRA_COMPILER_FLAGS=-g"
"Running Make include in ps7_cortexa9_0/libsrc/xadcps_v2_2/src"
E:/Xilinx/SDK/2015.2/gnuwin/bin/make -C ps7_cortexa9_0/libsrc/xadcps_v2_2/src -s include  "SHELL=CMD" "COMPILER=arm-xilinx-eabi-gcc" "ARCHIVER=arm-xilinx-eabi-ar" "COMPILER_FLAGS=  -O2 -c" "EXTRA_COMPILER_FLAGS=-g"
"Running Make libs in ps7_cortexa9_0/libsrc/coresightps_dcc_v1_0/src"
E:/Xilinx/SDK/2015.2/gnuwin/bin/make -C ps7_cortexa9_0/libsrc/coresightps_dcc_v1_0/src -s libs  "SHELL=CMD" "COMPILER=arm-xilinx-eabi-gcc" "ARCHIVER=arm-xilinx-eabi-ar" "COMPILER_FLAGS=  -O2 -c" "EXTRA_COMPILER_FLAGS=-g"
"Compiling coresightps_dcc"
"Running Make libs in ps7_cortexa9_0/libsrc/cpu_cortexa9_v2_1/src"
E:/Xilinx/SDK/2015.2/gnuwin/bin/make -C ps7_cortexa9_0/libsrc/cpu_cortexa9_v2_1/src -s libs  "SHELL=CMD" "COMPILER=arm-xilinx-eabi-gcc" "ARCHIVER=arm-xilinx-eabi-ar" "COMPILER_FLAGS=  -O2 -c" "EXTRA_COMPILER_FLAGS=-g"
"Compiling cpu_cortexa9"
"Running Make libs in ps7_cortexa9_0/libsrc/devcfg_v3_3/src"
E:/Xilinx/SDK/2015.2/gnuwin/bin/make -C ps7_cortexa9_0/libsrc/devcfg_v3_3/src -s libs  "SHELL=CMD" "COMPILER=arm-xilinx-eabi-gcc" "ARCHIVER=arm-xilinx-eabi-ar" "COMPILER_FLAGS=  -O2 -c" "EXTRA_COMPILER_FLAGS=-g"
"Compiling devcfg"
"Running Make libs in ps7_cortexa9_0/libsrc/dmaps_v2_1/src"
E:/Xilinx/SDK/2015.2/gnuwin/bin/make -C ps7_cortexa9_0/libsrc/dmaps_v2_1/src -s libs  "SHELL=CMD" "COMPILER=arm-xilinx-eabi-gcc" "ARCHIVER=arm-xilinx-eabi-ar" "COMPILER_FLAGS=  -O2 -c" "EXTRA_COMPILER_FLAGS=-g"
"Compiling dmaps"
"Running Make libs in ps7_cortexa9_0/libsrc/emacps_v3_0/src"
E:/Xilinx/SDK/2015.2/gnuwin/bin/make -C ps7_cortexa9_0/libsrc/emacps_v3_0/src -s libs  "SHELL=CMD" "COMPILER=arm-xilinx-eabi-gcc" "ARCHIVER=arm-xilinx-eabi-ar" "COMPILER_FLAGS=  -O2 -c" "EXTRA_COMPILER_FLAGS=-g"
"Compiling emacps"
"Running Make libs in ps7_cortexa9_0/libsrc/gpiops_v3_0/src"
E:/Xilinx/SDK/2015.2/gnuwin/bin/make -C ps7_cortexa9_0/libsrc/gpiops_v3_0/src -s libs  "SHELL=CMD" "COMPILER=arm-xilinx-eabi-gcc" "ARCHIVER=arm-xilinx-eabi-ar" "COMPILER_FLAGS=  -O2 -c" "EXTRA_COMPILER_FLAGS=-g"
"Compiling gpiops"
"Running Make libs in ps7_cortexa9_0/libsrc/iicps_v3_0/src"
E:/Xilinx/SDK/2015.2/gnuwin/bin/make -C ps7_cortexa9_0/libsrc/iicps_v3_0/src -s libs  "SHELL=CMD" "COMPILER=arm-xilinx-eabi-gcc" "ARCHIVER=arm-xilinx-eabi-ar" "COMPILER_FLAGS=  -O2 -c" "EXTRA_COMPILER_FLAGS=-g"
"Compiling iicps"
"Running Make libs in ps7_cortexa9_0/libsrc/qspips_v3_2/src"
E:/Xilinx/SDK/2015.2/gnuwin/bin/make -C ps7_cortexa9_0/libsrc/qspips_v3_2/src -s libs  "SHELL=CMD" "COMPILER=arm-xilinx-eabi-gcc" "ARCHIVER=arm-xilinx-eabi-ar" "COMPILER_FLAGS=  -O2 -c" "EXTRA_COMPILER_FLAGS=-g"
"Compiling qspips"
"Running Make libs in ps7_cortexa9_0/libsrc/scugic_v3_0/src"
E:/Xilinx/SDK/2015.2/gnuwin/bin/make -C ps7_cortexa9_0/libsrc/scugic_v3_0/src -s libs  "SHELL=CMD" "COMPILER=arm-xilinx-eabi-gcc" "ARCHIVER=arm-xilinx-eabi-ar" "COMPILER_FLAGS=  -O2 -c" "EXTRA_COMPILER_FLAGS=-g"
"Compiling scugic"
"Running Make libs in ps7_cortexa9_0/libsrc/scutimer_v2_1/src"
E:/Xilinx/SDK/2015.2/gnuwin/bin/make -C ps7_cortexa9_0/libsrc/scutimer_v2_1/src -s libs  "SHELL=CMD" "COMPILER=arm-xilinx-eabi-gcc" "ARCHIVER=arm-xilinx-eabi-ar" "COMPILER_FLAGS=  -O2 -c" "EXTRA_COMPILER_FLAGS=-g"
"Compiling scutimer"
"Running Make libs in ps7_cortexa9_0/libsrc/scuwdt_v2_1/src"
E:/Xilinx/SDK/2015.2/gnuwin/bin/make -C ps7_cortexa9_0/libsrc/scuwdt_v2_1/src -s libs  "SHELL=CMD" "COMPILER=arm-xilinx-eabi-gcc" "ARCHIVER=arm-xilinx-eabi-ar" "COMPILER_FLAGS=  -O2 -c" "EXTRA_COMPILER_FLAGS=-g"
"Compiling scuwdt"
"Running Make libs in ps7_cortexa9_0/libsrc/sdps_v2_4/src"
E:/Xilinx/SDK/2015.2/gnuwin/bin/make -C ps7_cortexa9_0/libsrc/sdps_v2_4/src -s libs  "SHELL=CMD" "COMPILER=arm-xilinx-eabi-gcc" "ARCHIVER=arm-xilinx-eabi-ar" "COMPILER_FLAGS=  -O2 -c" "EXTRA_COMPILER_FLAGS=-g"
"Compiling sdps"
"Running Make libs in ps7_cortexa9_0/libsrc/standalone_v5_1/src"
E:/Xilinx/SDK/2015.2/gnuwin/bin/make -C ps7_cortexa9_0/libsrc/standalone_v5_1/src -s libs  "SHELL=CMD" "COMPILER=arm-xilinx-eabi-gcc" "ARCHIVER=arm-xilinx-eabi-ar" "COMPILER_FLAGS=  -O2 -c" "EXTRA_COMPILER_FLAGS=-g"
"Compiling standalone"
"Running Make libs in ps7_cortexa9_0/libsrc/ttcps_v3_0/src"
E:/Xilinx/SDK/2015.2/gnuwin/bin/make -C ps7_cortexa9_0/libsrc/ttcps_v3_0/src -s libs  "SHELL=CMD" "COMPILER=arm-xilinx-eabi-gcc" "ARCHIVER=arm-xilinx-eabi-ar" "COMPILER_FLAGS=  -O2 -c" "EXTRA_COMPILER_FLAGS=-g"
"Compiling ttcps"
"Running Make libs in ps7_cortexa9_0/libsrc/uartps_v3_0/src"
E:/Xilinx/SDK/2015.2/gnuwin/bin/make -C ps7_cortexa9_0/libsrc/uartps_v3_0/src -s libs  "SHELL=CMD" "COMPILER=arm-xilinx-eabi-gcc" "ARCHIVER=arm-xilinx-eabi-ar" "COMPILER_FLAGS=  -O2 -c" "EXTRA_COMPILER_FLAGS=-g"
"Compiling uartps"
"Running Make libs in ps7_cortexa9_0/libsrc/usbps_v2_2/src"
E:/Xilinx/SDK/2015.2/gnuwin/bin/make -C ps7_cortexa9_0/libsrc/usbps_v2_2/src -s libs  "SHELL=CMD" "COMPILER=arm-xilinx-eabi-gcc" "ARCHIVER=arm-xilinx-eabi-ar" "COMPILER_FLAGS=  -O2 -c" "EXTRA_COMPILER_FLAGS=-g"
"Compiling usbps"
"Running Make libs in ps7_cortexa9_0/libsrc/xadcps_v2_2/src"
E:/Xilinx/SDK/2015.2/gnuwin/bin/make -C ps7_cortexa9_0/libsrc/xadcps_v2_2/src -s libs  "SHELL=CMD" "COMPILER=arm-xilinx-eabi-gcc" "ARCHIVER=arm-xilinx-eabi-ar" "COMPILER_FLAGS=  -O2 -c" "EXTRA_COMPILER_FLAGS=-g"
"Compiling xadcps"
'Finished building libraries'
11:22:47 **** Clean-only build of configuration Debug for project hello ****
make clean 
rm -rf  ./src/helloworld.o ./src/platform.o  ./src/helloworld.d ./src/platform.d  hello.elf.size  hello.elf
' '
11:22:47 **** Build of configuration Debug for project hello ****
make all 
'Building file: ../src/helloworld.c'
'Invoking: ARM gcc compiler'
arm-xilinx-eabi-gcc -Wall -O0 -g3 -c -fmessage-length=0 -MT"src/helloworld.o" -I../../hello_bsp/ps7_cortexa9_0/include -MMD -MP -MF"src/helloworld.d" -MT"src/helloworld.d" -o "src/helloworld.o" "../src/helloworld.c"
'Finished building: ../src/helloworld.c'
' '
'Building file: ../src/platform.c'
'Invoking: ARM gcc compiler'
arm-xilinx-eabi-gcc -Wall -O0 -g3 -c -fmessage-length=0 -MT"src/platform.o" -I../../hello_bsp/ps7_cortexa9_0/include -MMD -MP -MF"src/platform.d" -MT"src/platform.d" -o "src/platform.o" "../src/platform.c"
'Finished building: ../src/platform.c'
' '
'Building target: hello.elf'
'Invoking: ARM gcc linker'
arm-xilinx-eabi-gcc -Wl,-T -Wl,../src/lscript.ld -L../../hello_bsp/ps7_cortexa9_0/lib -o "hello.elf"  ./src/helloworld.o ./src/platform.o   -Wl,--start-group,-lxil,-lgcc,-lc,--end-group
'Finished building target: hello.elf'
' '
'Invoking: ARM Print Size'
arm-xilinx-eabi-size hello.elf  |tee "hello.elf.size"
   text	   data	    bss	    dec	    hex	filename
  22888	   1152	  22564	  46604	   b60c	hello.elf
'Finished building: hello.elf.size'
' '
11:22:49 **** Build of project touch_bsp ****
make -k all 
"Running Make include in ps7_cortexa9_0/libsrc/coresightps_dcc_v1_0/src"
E:/Xilinx/SDK/2015.2/gnuwin/bin/make -C ps7_cortexa9_0/libsrc/coresightps_dcc_v1_0/src -s include  "SHELL=CMD" "COMPILER=arm-xilinx-eabi-gcc" "ARCHIVER=arm-xilinx-eabi-ar" "COMPILER_FLAGS=  -O2 -c" "EXTRA_COMPILER_FLAGS=-g"
"Running Make include in ps7_cortexa9_0/libsrc/cpu_cortexa9_v2_1/src"
E:/Xilinx/SDK/2015.2/gnuwin/bin/make -C ps7_cortexa9_0/libsrc/cpu_cortexa9_v2_1/src -s include  "SHELL=CMD" "COMPILER=arm-xilinx-eabi-gcc" "ARCHIVER=arm-xilinx-eabi-ar" "COMPILER_FLAGS=  -O2 -c" "EXTRA_COMPILER_FLAGS=-g"
"Running Make include in ps7_cortexa9_0/libsrc/devcfg_v3_3/src"
E:/Xilinx/SDK/2015.2/gnuwin/bin/make -C ps7_cortexa9_0/libsrc/devcfg_v3_3/src -s include  "SHELL=CMD" "COMPILER=arm-xilinx-eabi-gcc" "ARCHIVER=arm-xilinx-eabi-ar" "COMPILER_FLAGS=  -O2 -c" "EXTRA_COMPILER_FLAGS=-g"
"Running Make include in ps7_cortexa9_0/libsrc/dmaps_v2_1/src"
E:/Xilinx/SDK/2015.2/gnuwin/bin/make -C ps7_cortexa9_0/libsrc/dmaps_v2_1/src -s include  "SHELL=CMD" "COMPILER=arm-xilinx-eabi-gcc" "ARCHIVER=arm-xilinx-eabi-ar" "COMPILER_FLAGS=  -O2 -c" "EXTRA_COMPILER_FLAGS=-g"
"Running Make include in ps7_cortexa9_0/libsrc/emacps_v3_0/src"
E:/Xilinx/SDK/2015.2/gnuwin/bin/make -C ps7_cortexa9_0/libsrc/emacps_v3_0/src -s include  "SHELL=CMD" "COMPILER=arm-xilinx-eabi-gcc" "ARCHIVER=arm-xilinx-eabi-ar" "COMPILER_FLAGS=  -O2 -c" "EXTRA_COMPILER_FLAGS=-g"
"Running Make include in ps7_cortexa9_0/libsrc/gpiops_v3_0/src"
E:/Xilinx/SDK/2015.2/gnuwin/bin/make -C ps7_cortexa9_0/libsrc/gpiops_v3_0/src -s include  "SHELL=CMD" "COMPILER=arm-xilinx-eabi-gcc" "ARCHIVER=arm-xilinx-eabi-ar" "COMPILER_FLAGS=  -O2 -c" "EXTRA_COMPILER_FLAGS=-g"
"Running Make include in ps7_cortexa9_0/libsrc/iicps_v3_0/src"
E:/Xilinx/SDK/2015.2/gnuwin/bin/make -C ps7_cortexa9_0/libsrc/iicps_v3_0/src -s include  "SHELL=CMD" "COMPILER=arm-xilinx-eabi-gcc" "ARCHIVER=arm-xilinx-eabi-ar" "COMPILER_FLAGS=  -O2 -c" "EXTRA_COMPILER_FLAGS=-g"
"Running Make include in ps7_cortexa9_0/libsrc/qspips_v3_2/src"
E:/Xilinx/SDK/2015.2/gnuwin/bin/make -C ps7_cortexa9_0/libsrc/qspips_v3_2/src -s include  "SHELL=CMD" "COMPILER=arm-xilinx-eabi-gcc" "ARCHIVER=arm-xilinx-eabi-ar" "COMPILER_FLAGS=  -O2 -c" "EXTRA_COMPILER_FLAGS=-g"
"Running Make include in ps7_cortexa9_0/libsrc/scugic_v3_0/src"
E:/Xilinx/SDK/2015.2/gnuwin/bin/make -C ps7_cortexa9_0/libsrc/scugic_v3_0/src -s include  "SHELL=CMD" "COMPILER=arm-xilinx-eabi-gcc" "ARCHIVER=arm-xilinx-eabi-ar" "COMPILER_FLAGS=  -O2 -c" "EXTRA_COMPILER_FLAGS=-g"
"Running Make include in ps7_cortexa9_0/libsrc/scutimer_v2_1/src"
E:/Xilinx/SDK/2015.2/gnuwin/bin/make -C ps7_cortexa9_0/libsrc/scutimer_v2_1/src -s include  "SHELL=CMD" "COMPILER=arm-xilinx-eabi-gcc" "ARCHIVER=arm-xilinx-eabi-ar" "COMPILER_FLAGS=  -O2 -c" "EXTRA_COMPILER_FLAGS=-g"
"Running Make include in ps7_cortexa9_0/libsrc/scuwdt_v2_1/src"
E:/Xilinx/SDK/2015.2/gnuwin/bin/make -C ps7_cortexa9_0/libsrc/scuwdt_v2_1/src -s include  "SHELL=CMD" "COMPILER=arm-xilinx-eabi-gcc" "ARCHIVER=arm-xilinx-eabi-ar" "COMPILER_FLAGS=  -O2 -c" "EXTRA_COMPILER_FLAGS=-g"
"Running Make include in ps7_cortexa9_0/libsrc/sdps_v2_4/src"
E:/Xilinx/SDK/2015.2/gnuwin/bin/make -C ps7_cortexa9_0/libsrc/sdps_v2_4/src -s include  "SHELL=CMD" "COMPILER=arm-xilinx-eabi-gcc" "ARCHIVER=arm-xilinx-eabi-ar" "COMPILER_FLAGS=  -O2 -c" "EXTRA_COMPILER_FLAGS=-g"
"Running Make include in ps7_cortexa9_0/libsrc/standalone_v5_1/src"
E:/Xilinx/SDK/2015.2/gnuwin/bin/make -C ps7_cortexa9_0/libsrc/standalone_v5_1/src -s include  "SHELL=CMD" "COMPILER=arm-xilinx-eabi-gcc" "ARCHIVER=arm-xilinx-eabi-ar" "COMPILER_FLAGS=  -O2 -c" "EXTRA_COMPILER_FLAGS=-g"
"Running Make include in ps7_cortexa9_0/libsrc/ttcps_v3_0/src"
E:/Xilinx/SDK/2015.2/gnuwin/bin/make -C ps7_cortexa9_0/libsrc/ttcps_v3_0/src -s include  "SHELL=CMD" "COMPILER=arm-xilinx-eabi-gcc" "ARCHIVER=arm-xilinx-eabi-ar" "COMPILER_FLAGS=  -O2 -c" "EXTRA_COMPILER_FLAGS=-g"
"Running Make include in ps7_cortexa9_0/libsrc/uartps_v3_0/src"
E:/Xilinx/SDK/2015.2/gnuwin/bin/make -C ps7_cortexa9_0/libsrc/uartps_v3_0/src -s include  "SHELL=CMD" "COMPILER=arm-xilinx-eabi-gcc" "ARCHIVER=arm-xilinx-eabi-ar" "COMPILER_FLAGS=  -O2 -c" "EXTRA_COMPILER_FLAGS=-g"
"Running Make include in ps7_cortexa9_0/libsrc/usbps_v2_2/src"
E:/Xilinx/SDK/2015.2/gnuwin/bin/make -C ps7_cortexa9_0/libsrc/usbps_v2_2/src -s include  "SHELL=CMD" "COMPILER=arm-xilinx-eabi-gcc" "ARCHIVER=arm-xilinx-eabi-ar" "COMPILER_FLAGS=  -O2 -c" "EXTRA_COMPILER_FLAGS=-g"
"Running Make include in ps7_cortexa9_0/libsrc/xadcps_v2_2/src"
E:/Xilinx/SDK/2015.2/gnuwin/bin/make -C ps7_cortexa9_0/libsrc/xadcps_v2_2/src -s include  "SHELL=CMD" "COMPILER=arm-xilinx-eabi-gcc" "ARCHIVER=arm-xilinx-eabi-ar" "COMPILER_FLAGS=  -O2 -c" "EXTRA_COMPILER_FLAGS=-g"
"Running Make libs in ps7_cortexa9_0/libsrc/coresightps_dcc_v1_0/src"
E:/Xilinx/SDK/2015.2/gnuwin/bin/make -C ps7_cortexa9_0/libsrc/coresightps_dcc_v1_0/src -s libs  "SHELL=CMD" "COMPILER=arm-xilinx-eabi-gcc" "ARCHIVER=arm-xilinx-eabi-ar" "COMPILER_FLAGS=  -O2 -c" "EXTRA_COMPILER_FLAGS=-g"
"Compiling coresightps_dcc"
"Running Make libs in ps7_cortexa9_0/libsrc/cpu_cortexa9_v2_1/src"
E:/Xilinx/SDK/2015.2/gnuwin/bin/make -C ps7_cortexa9_0/libsrc/cpu_cortexa9_v2_1/src -s libs  "SHELL=CMD" "COMPILER=arm-xilinx-eabi-gcc" "ARCHIVER=arm-xilinx-eabi-ar" "COMPILER_FLAGS=  -O2 -c" "EXTRA_COMPILER_FLAGS=-g"
"Compiling cpu_cortexa9"
"Running Make libs in ps7_cortexa9_0/libsrc/devcfg_v3_3/src"
E:/Xilinx/SDK/2015.2/gnuwin/bin/make -C ps7_cortexa9_0/libsrc/devcfg_v3_3/src -s libs  "SHELL=CMD" "COMPILER=arm-xilinx-eabi-gcc" "ARCHIVER=arm-xilinx-eabi-ar" "COMPILER_FLAGS=  -O2 -c" "EXTRA_COMPILER_FLAGS=-g"
"Compiling devcfg"
"Running Make libs in ps7_cortexa9_0/libsrc/dmaps_v2_1/src"
E:/Xilinx/SDK/2015.2/gnuwin/bin/make -C ps7_cortexa9_0/libsrc/dmaps_v2_1/src -s libs  "SHELL=CMD" "COMPILER=arm-xilinx-eabi-gcc" "ARCHIVER=arm-xilinx-eabi-ar" "COMPILER_FLAGS=  -O2 -c" "EXTRA_COMPILER_FLAGS=-g"
"Compiling dmaps"
"Running Make libs in ps7_cortexa9_0/libsrc/emacps_v3_0/src"
E:/Xilinx/SDK/2015.2/gnuwin/bin/make -C ps7_cortexa9_0/libsrc/emacps_v3_0/src -s libs  "SHELL=CMD" "COMPILER=arm-xilinx-eabi-gcc" "ARCHIVER=arm-xilinx-eabi-ar" "COMPILER_FLAGS=  -O2 -c" "EXTRA_COMPILER_FLAGS=-g"
"Compiling emacps"
"Running Make libs in ps7_cortexa9_0/libsrc/gpiops_v3_0/src"
E:/Xilinx/SDK/2015.2/gnuwin/bin/make -C ps7_cortexa9_0/libsrc/gpiops_v3_0/src -s libs  "SHELL=CMD" "COMPILER=arm-xilinx-eabi-gcc" "ARCHIVER=arm-xilinx-eabi-ar" "COMPILER_FLAGS=  -O2 -c" "EXTRA_COMPILER_FLAGS=-g"
"Compiling gpiops"
"Running Make libs in ps7_cortexa9_0/libsrc/iicps_v3_0/src"
E:/Xilinx/SDK/2015.2/gnuwin/bin/make -C ps7_cortexa9_0/libsrc/iicps_v3_0/src -s libs  "SHELL=CMD" "COMPILER=arm-xilinx-eabi-gcc" "ARCHIVER=arm-xilinx-eabi-ar" "COMPILER_FLAGS=  -O2 -c" "EXTRA_COMPILER_FLAGS=-g"
"Compiling iicps"
"Running Make libs in ps7_cortexa9_0/libsrc/qspips_v3_2/src"
E:/Xilinx/SDK/2015.2/gnuwin/bin/make -C ps7_cortexa9_0/libsrc/qspips_v3_2/src -s libs  "SHELL=CMD" "COMPILER=arm-xilinx-eabi-gcc" "ARCHIVER=arm-xilinx-eabi-ar" "COMPILER_FLAGS=  -O2 -c" "EXTRA_COMPILER_FLAGS=-g"
"Compiling qspips"
"Running Make libs in ps7_cortexa9_0/libsrc/scugic_v3_0/src"
E:/Xilinx/SDK/2015.2/gnuwin/bin/make -C ps7_cortexa9_0/libsrc/scugic_v3_0/src -s libs  "SHELL=CMD" "COMPILER=arm-xilinx-eabi-gcc" "ARCHIVER=arm-xilinx-eabi-ar" "COMPILER_FLAGS=  -O2 -c" "EXTRA_COMPILER_FLAGS=-g"
"Compiling scugic"
"Running Make libs in ps7_cortexa9_0/libsrc/scutimer_v2_1/src"
E:/Xilinx/SDK/2015.2/gnuwin/bin/make -C ps7_cortexa9_0/libsrc/scutimer_v2_1/src -s libs  "SHELL=CMD" "COMPILER=arm-xilinx-eabi-gcc" "ARCHIVER=arm-xilinx-eabi-ar" "COMPILER_FLAGS=  -O2 -c" "EXTRA_COMPILER_FLAGS=-g"
"Compiling scutimer"
"Running Make libs in ps7_cortexa9_0/libsrc/scuwdt_v2_1/src"
E:/Xilinx/SDK/2015.2/gnuwin/bin/make -C ps7_cortexa9_0/libsrc/scuwdt_v2_1/src -s libs  "SHELL=CMD" "COMPILER=arm-xilinx-eabi-gcc" "ARCHIVER=arm-xilinx-eabi-ar" "COMPILER_FLAGS=  -O2 -c" "EXTRA_COMPILER_FLAGS=-g"
"Compiling scuwdt"
"Running Make libs in ps7_cortexa9_0/libsrc/sdps_v2_4/src"
E:/Xilinx/SDK/2015.2/gnuwin/bin/make -C ps7_cortexa9_0/libsrc/sdps_v2_4/src -s libs  "SHELL=CMD" "COMPILER=arm-xilinx-eabi-gcc" "ARCHIVER=arm-xilinx-eabi-ar" "COMPILER_FLAGS=  -O2 -c" "EXTRA_COMPILER_FLAGS=-g"
"Compiling sdps"
"Running Make libs in ps7_cortexa9_0/libsrc/standalone_v5_1/src"
E:/Xilinx/SDK/2015.2/gnuwin/bin/make -C ps7_cortexa9_0/libsrc/standalone_v5_1/src -s libs  "SHELL=CMD" "COMPILER=arm-xilinx-eabi-gcc" "ARCHIVER=arm-xilinx-eabi-ar" "COMPILER_FLAGS=  -O2 -c" "EXTRA_COMPILER_FLAGS=-g"
"Compiling standalone"
"Running Make libs in ps7_cortexa9_0/libsrc/ttcps_v3_0/src"
[...]
                ^
../src/main.c:803:5: warning: implicit declaration of function 'XIic_Recv' [-Wimplicit-function-declaration]
     Status = XIic_Recv(Iic.BaseAddress, MPR121_I2C_ADDR, data, 1, XIIC_STOP);
     ^
../src/main.c:803:27: error: request for member 'BaseAddress' in something not a structure or union
     Status = XIic_Recv(Iic.BaseAddress, MPR121_I2C_ADDR, data, 1, XIIC_STOP);
                           ^
../src/main.c:803:67: error: 'XIIC_STOP' undeclared (first use in this function)
     Status = XIic_Recv(Iic.BaseAddress, MPR121_I2C_ADDR, data, 1, XIIC_STOP);
                                                                   ^
../src/main.c: In function 'main':
../src/main.c:819:19: error: 'XST_SUCCESS' undeclared (first use in this function)
     if (Status != XST_SUCCESS) {
                   ^
../src/main.c:821:16: error: 'XST_FAILURE' undeclared (first use in this function)
         return XST_FAILURE;
                ^
../src/main.c:825:5: error: 'for' loop initial declarations are only allowed in C99 or C11 mode
     for (int i = 0; i < 12; i++) {
     ^
../src/main.c:825:5: note: use option -std=c99, -std=gnu99, -std=c11 or -std=gnu11 to compile your code
../src/main.c:848:9: error: 'for' loop initial declarations are only allowed in C99 or C11 mode
         for (int i = 0; i < 12; i++) {
         ^
../src/main.c: In function 'I2C_Init':
../src/main.c:773:1: warning: control reaches end of non-void function [-Wreturn-type]
 }
 ^
../src/main.c: In function 'MPR121_WriteReg':
../src/main.c:790:1: warning: control reaches end of non-void function [-Wreturn-type]
 }
 ^
../src/main.c: In function 'MPR121_ReadReg':
../src/main.c:809:1: warning: control reaches end of non-void function [-Wreturn-type]
 }
 ^
make: *** [src/main.o] ¥ÌŒÛ 1
16:03:54 **** Auto Build of configuration Debug for project touch ****
make all 
'Building file: ../src/main.c'
'Invoking: ARM gcc compiler'
arm-xilinx-eabi-gcc -Wall -O0 -g3 -c -fmessage-length=0 -MT"src/main.o" -I../../touch_bsp/ps7_cortexa9_0/include -MMD -MP -MF"src/main.d" -MT"src/main.d" -o "src/main.o" "../src/main.c"
../src/main.c:740:18: fatal error: xiic.h: No such file or directory
 #include "xiic.h"
                  ^
compilation terminated.
make: *** [src/main.o] ¥ÌŒÛ 1
16:12:33 **** Auto Build of configuration Debug for project touch ****
make all 
'Building file: ../src/main.c'
'Invoking: ARM gcc compiler'
arm-xilinx-eabi-gcc -Wall -O0 -g3 -c -fmessage-length=0 -MT"src/main.o" -I../../touch_bsp/ps7_cortexa9_0/include -MMD -MP -MF"src/main.d" -MT"src/main.d" -o "src/main.o" "../src/main.c"
../src/main.c:751:1: error: unknown type name 'XIic'
 XIic Iic;  // I2Cøÿ÷∆∆˜ µ¿˝
 ^
../src/main.c: In function 'I2C_Init':
../src/main.c:755:5: error: unknown type name 'XIic_Config'
     XIic_Config *ConfigPtr;
     ^
../src/main.c:759:5: warning: implicit declaration of function 'XIic_LookupConfig' [-Wimplicit-function-declaration]
     ConfigPtr = XIic_LookupConfig(XPAR_XIIC_0_DEVICE_ID);
     ^
../src/main.c:759:35: error: 'XPAR_XIIC_0_DEVICE_ID' undeclared (first use in this function)
     ConfigPtr = XIic_LookupConfig(XPAR_XIIC_0_DEVICE_ID);
                                   ^
../src/main.c:759:35: note: each undeclared identifier is reported only once for each function it appears in
../src/main.c:764:5: warning: implicit declaration of function 'XIic_CfgInitialize' [-Wimplicit-function-declaration]
     Status = XIic_CfgInitialize(&Iic, ConfigPtr, ConfigPtr->BaseAddress);
     ^
../src/main.c:764:59: error: request for member 'BaseAddress' in something not a structure or union
     Status = XIic_CfgInitialize(&Iic, ConfigPtr, ConfigPtr->BaseAddress);
                                                           ^
../src/main.c:770:5: warning: implicit declaration of function 'XIic_SetSClk' [-Wimplicit-function-declaration]
     XIic_SetSClk(&Iic, 100000);
     ^
../src/main.c: In function 'MPR121_WriteReg':
../src/main.c:784:5: warning: implicit declaration of function 'XIic_Send' [-Wimplicit-function-declaration]
     Status = XIic_Send(Iic.BaseAddress, MPR121_I2C_ADDR, sendBuf, 2, XIIC_STOP);
     ^
../src/main.c:784:27: error: request for member 'BaseAddress' in something not a structure or union
     Status = XIic_Send(Iic.BaseAddress, MPR121_I2C_ADDR, sendBuf, 2, XIIC_STOP);
                           ^
../src/main.c:784:70: error: 'XIIC_STOP' undeclared (first use in this function)
     Status = XIic_Send(Iic.BaseAddress, MPR121_I2C_ADDR, sendBuf, 2, XIIC_STOP);
                                                                      ^
../src/main.c: In function 'MPR121_ReadReg':
../src/main.c:797:27: error: request for member 'BaseAddress' in something not a structure or union
     Status = XIic_Send(Iic.BaseAddress, MPR121_I2C_ADDR, &regAddr, 1, XIIC_REPEATED_START);
                           ^
../src/main.c:797:71: error: 'XIIC_REPEATED_START' undeclared (first use in this function)
     Status = XIic_Send(Iic.BaseAddress, MPR121_I2C_ADDR, &regAddr, 1, XIIC_REPEATED_START);
                                                                       ^
../src/main.c:803:5: warning: implicit declaration of function 'XIic_Recv' [-Wimplicit-function-declaration]
     Status = XIic_Recv(Iic.BaseAddress, MPR121_I2C_ADDR, data, 1, XIIC_STOP);
     ^
../src/main.c:803:27: error: request for member 'BaseAddress' in something not a structure or union
     Status = XIic_Recv(Iic.BaseAddress, MPR121_I2C_ADDR, data, 1, XIIC_STOP);
                           ^
../src/main.c:803:67: error: 'XIIC_STOP' undeclared (first use in this function)
     Status = XIic_Recv(Iic.BaseAddress, MPR121_I2C_ADDR, data, 1, XIIC_STOP);
                                                                   ^
../src/main.c: In function 'main':
../src/main.c:825:5: error: 'for' loop initial declarations are only allowed in C99 or C11 mode
     for (int i = 0; i < 12; i++) {
     ^
../src/main.c:825:5: note: use option -std=c99, -std=gnu99, -std=c11 or -std=gnu11 to compile your code
../src/main.c:848:9: error: 'for' loop initial declarations are only allowed in C99 or C11 mode
         for (int i = 0; i < 12; i++) {
         ^
make: *** [src/main.o] ¥ÌŒÛ 1
16:12:44 **** Auto Build of configuration Debug for project touch ****
make all 
'Building file: ../src/main.c'
'Invoking: ARM gcc compiler'
arm-xilinx-eabi-gcc -Wall -O0 -g3 -c -fmessage-length=0 -MT"src/main.o" -I../../touch_bsp/ps7_cortexa9_0/include -MMD -MP -MF"src/main.d" -MT"src/main.d" -o "src/main.o" "../src/main.c"
../src/main.c:740:18: fatal error: xiic.h: No such file or directory
 #include "xiic.h"
                  ^
compilation terminated.
make: *** [src/main.o] ¥ÌŒÛ 1
16:12:53 **** Auto Build of configuration Debug for project touch_bsp_xiicps_polled_master_example_1 ****
make all 
'Building file: ../src/xiicps_polled_master_example.c'
'Invoking: ARM gcc compiler'
arm-xilinx-eabi-gcc -Wall -O0 -g3 -c -fmessage-length=0 -MT"src/xiicps_polled_master_example.o" -I../../touch_bsp/ps7_cortexa9_0/include -MMD -MP -MF"src/xiicps_polled_master_example.d" -MT"src/xiicps_polled_master_example.d" -o "src/xiicps_polled_master_example.o" "../src/xiicps_polled_master_example.c"
../src/xiicps_polled_master_example.c:55:18: fatal error: xiic.h: No such file or directory
 #include "xiic.h"
                  ^
compilation terminated.
make: *** [src/xiicps_polled_master_example.o] ¥ÌŒÛ 1
16:15:22 **** Auto Build of configuration Debug for project touch_bsp_xiicps_polled_master_example_1 ****
make all 
'Building file: ../src/xiicps_polled_master_example.c'
'Invoking: ARM gcc compiler'
arm-xilinx-eabi-gcc -Wall -O0 -g3 -c -fmessage-length=0 -MT"src/xiicps_polled_master_example.o" -I../../touch_bsp/ps7_cortexa9_0/include -MMD -MP -MF"src/xiicps_polled_master_example.d" -MT"src/xiicps_polled_master_example.d" -o "src/xiicps_polled_master_example.o" "../src/xiicps_polled_master_example.c"
'Finished building: ../src/xiicps_polled_master_example.c'
' '
'Building target: touch_bsp_xiicps_polled_master_example_1.elf'
'Invoking: ARM gcc linker'
arm-xilinx-eabi-gcc -Wl,-T -Wl,../src/lscript.ld -L../../touch_bsp/ps7_cortexa9_0/lib -o "touch_bsp_xiicps_polled_master_example_1.elf"  ./src/xiicps_polled_master_example.o   -Wl,--start-group,-lxil,-lgcc,-lc,--end-group
'Finished building target: touch_bsp_xiicps_polled_master_example_1.elf'
' '
'Invoking: ARM Print Size'
arm-xilinx-eabi-size touch_bsp_xiicps_polled_master_example_1.elf  |tee "touch_bsp_xiicps_polled_master_example_1.elf.size"
   text	   data	    bss	    dec	    hex	filename
  28972	   1168	  22900	  53040	   cf30	touch_bsp_xiicps_polled_master_example_1.elf
'Finished building: touch_bsp_xiicps_polled_master_example_1.elf.size'
' '
16:15:35 **** Auto Build of configuration Debug for project touch ****
make all 
'Building file: ../src/main.c'
'Invoking: ARM gcc compiler'
arm-xilinx-eabi-gcc -Wall -O0 -g3 -c -fmessage-length=0 -MT"src/main.o" -I../../touch_bsp/ps7_cortexa9_0/include -MMD -MP -MF"src/main.d" -MT"src/main.d" -o "src/main.o" "../src/main.c"
../src/main.c: In function 'I2C_Init':
../src/main.c:766:5: error: too many arguments to function 'XIicPs_SetSClk'
     XIicPs_SetSClk(&Iic, ConfigPtr->InputClockHz, 100000);
     ^
In file included from ../src/main.c:742:0:
../../touch_bsp/ps7_cortexa9_0/include/xiicps.h:406:5: note: declared here
 s32 XIicPs_SetSClk(XIicPs *InstancePtr, u32 FsclHz);
     ^
../src/main.c: In function 'main':
../src/main.c:833:5: error: 'for' loop initial declarations are only allowed in C99 or C11 mode
     for (int i = 0; i < 12; i++) {
     ^
../src/main.c:833:5: note: use option -std=c99, -std=gnu99, -std=c11 or -std=gnu11 to compile your code
../src/main.c:856:9: error: 'for' loop initial declarations are only allowed in C99 or C11 mode
         for (int i = 0; i < 12; i++) {
         ^
make: *** [src/main.o] ¥ÌŒÛ 1
16:15:55 **** Auto Build of configuration Debug for project touch ****
make all 
'Building file: ../src/main.c'
'Invoking: ARM gcc compiler'
arm-xilinx-eabi-gcc -Wall -O0 -g3 -c -fmessage-length=0 -MT"src/main.o" -I../../touch_bsp/ps7_cortexa9_0/include -MMD -MP -MF"src/main.d" -MT"src/main.d" -o "src/main.o" "../src/main.c"
../src/main.c: In function 'I2C_Init':
../src/main.c:766:5: error: too many arguments to function 'XIicPs_SetSClk'
     XIicPs_SetSClk(&Iic, ConfigPtr->InputClockHz, 100000);
     ^
In file included from ../src/main.c:742:0:
../../touch_bsp/ps7_cortexa9_0/include/xiicps.h:406:5: note: declared here
 s32 XIicPs_SetSClk(XIicPs *InstancePtr, u32 FsclHz);
     ^
../src/main.c: In function 'main':
../src/main.c:857:9: error: 'for' loop initial declarations are only allowed in C99 or C11 mode
         for (int i = 0; i < 12; i++) {
         ^
../src/main.c:857:9: note: use option -std=c99, -std=gnu99, -std=c11 or -std=gnu11 to compile your code
make: *** [src/main.o] ¥ÌŒÛ 1
16:16:02 **** Auto Build of configuration Debug for project touch ****
make all 
'Building file: ../src/main.c'
'Invoking: ARM gcc compiler'
arm-xilinx-eabi-gcc -Wall -O0 -g3 -c -fmessage-length=0 -MT"src/main.o" -I../../touch_bsp/ps7_cortexa9_0/include -MMD -MP -MF"src/main.d" -MT"src/main.d" -o "src/main.o" "../src/main.c"
../src/main.c: In function 'I2C_Init':
../src/main.c:766:5: error: too many arguments to function 'XIicPs_SetSClk'
     XIicPs_SetSClk(&Iic, ConfigPtr->InputClockHz, 100000);
     ^
In file included from ../src/main.c:742:0:
../../touch_bsp/ps7_cortexa9_0/include/xiicps.h:406:5: note: declared here
 s32 XIicPs_SetSClk(XIicPs *InstancePtr, u32 FsclHz);
     ^
../src/main.c: In function 'main':
../src/main.c:858:18: error: redeclaration of 'i' with no linkage
         for (int i = 0; i < 12; i++) {
                  ^
../src/main.c:857:13: note: previous declaration of 'i' was here
         int i;
             ^
../src/main.c:858:9: error: 'for' loop initial declarations are only allowed in C99 or C11 mode
         for (int i = 0; i < 12; i++) {
         ^
../src/main.c:858:9: note: use option -std=c99, -std=gnu99, -std=c11 or -std=gnu11 to compile your code
make: *** [src/main.o] ¥ÌŒÛ 1
16:16:09 **** Auto Build of configuration Debug for project touch ****
make all 
'Building file: ../src/main.c'
'Invoking: ARM gcc compiler'
arm-xilinx-eabi-gcc -Wall -O0 -g3 -c -fmessage-length=0 -MT"src/main.o" -I../../touch_bsp/ps7_cortexa9_0/include -MMD -MP -MF"src/main.d" -MT"src/main.d" -o "src/main.o" "../src/main.c"
../src/main.c: In function 'I2C_Init':
../src/main.c:766:5: error: too many arguments to function 'XIicPs_SetSClk'
     XIicPs_SetSClk(&Iic, ConfigPtr->InputClockHz, 100000);
     ^
In file included from ../src/main.c:742:0:
../../touch_bsp/ps7_cortexa9_0/include/xiicps.h:406:5: note: declared here
 s32 XIicPs_SetSClk(XIicPs *InstancePtr, u32 FsclHz);
     ^
make: *** [src/main.o] ¥ÌŒÛ 1
16:16:52 **** Auto Build of configuration Debug for project touch ****
make all 
'Building file: ../src/main.c'
'Invoking: ARM gcc compiler'
arm-xilinx-eabi-gcc -Wall -O0 -g3 -c -fmessage-length=0 -MT"src/main.o" -I../../touch_bsp/ps7_cortexa9_0/include -MMD -MP -MF"src/main.d" -MT"src/main.d" -o "src/main.o" "../src/main.c"
'Finished building: ../src/main.c'
' '
'Building target: touch.elf'
'Invoking: ARM gcc linker'
arm-xilinx-eabi-gcc -Wl,-T -Wl,../src/lscript.ld -L../../touch_bsp/ps7_cortexa9_0/lib -o "touch.elf"  ./src/main.o   -Wl,--start-group,-lxil,-lgcc,-lc,--end-group
'Finished building target: touch.elf'
' '
'Invoking: ARM Print Size'
arm-xilinx-eabi-size touch.elf  |tee "touch.elf.size"
   text	   data	    bss	    dec	    hex	filename
  28964	   1168	  22644	  52776	   ce28	touch.elf
'Finished building: touch.elf.size'
' '
16:27:34 **** Incremental Build of configuration Debug for project touch ****
make all 
make: Nothing to be done for `all'.
16:30:35 **** Auto Build of configuration Debug for project touch ****
make all 
'Building file: ../src/main.c'
'Invoking: ARM gcc compiler'
arm-xilinx-eabi-gcc -Wall -O0 -g3 -c -fmessage-length=0 -MT"src/main.o" -I../../touch_bsp/ps7_cortexa9_0/include -MMD -MP -MF"src/main.d" -MT"src/main.d" -o "src/main.o" "../src/main.c"
'Finished building: ../src/main.c'
' '
'Building target: touch.elf'
'Invoking: ARM gcc linker'
arm-xilinx-eabi-gcc -Wl,-T -Wl,../src/lscript.ld -L../../touch_bsp/ps7_cortexa9_0/lib -o "touch.elf"  ./src/main.o   -Wl,--start-group,-lxil,-lgcc,-lc,--end-group
'Finished building target: touch.elf'
' '
'Invoking: ARM Print Size'
arm-xilinx-eabi-size touch.elf  |tee "touch.elf.size"
   text	   data	    bss	    dec	    hex	filename
  28964	   1168	  22644	  52776	   ce28	touch.elf
'Finished building: touch.elf.size'
' '
16:31:21 **** Incremental Build of configuration Debug for project touch ****
make all 
make: Nothing to be done for `all'.
16:31:33 **** Incremental Build of configuration Debug for project touch ****
make all 
make: Nothing to be done for `all'.
16:31:37 **** Incremental Build of configuration Debug for project touch ****
make all 
make: Nothing to be done for `all'.
16:35:21 **** Incremental Build of configuration Debug for project touch ****
make all 
make: Nothing to be done for `all'.
16:36:05 **** Incremental Build of configuration Debug for project touch ****
make all 
make: Nothing to be done for `all'.
16:38:13 **** Auto Build of configuration Debug for project touch ****
make all 
'Building file: ../src/main.c'
'Invoking: ARM gcc compiler'
arm-xilinx-eabi-gcc -Wall -O0 -g3 -c -fmessage-length=0 -MT"src/main.o" -I../../touch_bsp/ps7_cortexa9_0/include -MMD -MP -MF"src/main.d" -MT"src/main.d" -o "src/main.o" "../src/main.c"
'Finished building: ../src/main.c'
' '
'Building target: touch.elf'
'Invoking: ARM gcc linker'
arm-xilinx-eabi-gcc -Wl,-T -Wl,../src/lscript.ld -L../../touch_bsp/ps7_cortexa9_0/lib -o "touch.elf"  ./src/main.o   -Wl,--start-group,-lxil,-lgcc,-lc,--end-group
'Finished building target: touch.elf'
' '
'Invoking: ARM Print Size'
arm-xilinx-eabi-size touch.elf  |tee "touch.elf.size"
   text	   data	    bss	    dec	    hex	filename
  28964	   1168	  22644	  52776	   ce28	touch.elf
'Finished building: touch.elf.size'
' '
16:38:17 **** Incremental Build of configuration Debug for project touch ****
make all 
make: Nothing to be done for `all'.
16:38:21 **** Incremental Build of configuration Debug for project touch ****
make all 
make: Nothing to be done for `all'.
16:45:00 **** Auto Build of configuration Debug for project touch ****
make all 
'Building file: ../src/main.c'
'Invoking: ARM gcc compiler'
arm-xilinx-eabi-gcc -Wall -O0 -g3 -c -fmessage-length=0 -MT"src/main.o" -I../../touch_bsp/ps7_cortexa9_0/include -MMD -MP -MF"src/main.d" -MT"src/main.d" -o "src/main.o" "../src/main.c"
'Finished building: ../src/main.c'
' '
'Building target: touch.elf'
'Invoking: ARM gcc linker'
arm-xilinx-eabi-gcc -Wl,-T -Wl,../src/lscript.ld -L../../touch_bsp/ps7_cortexa9_0/lib -o "touch.elf"  ./src/main.o   -Wl,--start-group,-lxil,-lgcc,-lc,--end-group
'Finished building target: touch.elf'
' '
'Invoking: ARM Print Size'
arm-xilinx-eabi-size touch.elf  |tee "touch.elf.size"
   text	   data	    bss	    dec	    hex	filename
  28964	   1168	  22644	  52776	   ce28	touch.elf
'Finished building: touch.elf.size'
' '
16:45:02 **** Incremental Build of configuration Debug for project touch ****
make all 
make: Nothing to be done for `all'.
16:45:05 **** Incremental Build of configuration Debug for project touch ****
make all 
make: Nothing to be done for `all'.
16:45:33 **** Auto Build of configuration Debug for project touch ****
make all 
'Building file: ../src/main.c'
'Invoking: ARM gcc compiler'
arm-xilinx-eabi-gcc -Wall -O0 -g3 -c -fmessage-length=0 -MT"src/main.o" -I../../touch_bsp/ps7_cortexa9_0/include -MMD -MP -MF"src/main.d" -MT"src/main.d" -o "src/main.o" "../src/main.c"
'Finished building: ../src/main.c'
' '
'Building target: touch.elf'
'Invoking: ARM gcc linker'
arm-xilinx-eabi-gcc -Wl,-T -Wl,../src/lscript.ld -L../../touch_bsp/ps7_cortexa9_0/lib -o "touch.elf"  ./src/main.o   -Wl,--start-group,-lxil,-lgcc,-lc,--end-group
'Finished building target: touch.elf'
' '
'Invoking: ARM Print Size'
arm-xilinx-eabi-size touch.elf  |tee "touch.elf.size"
   text	   data	    bss	    dec	    hex	filename
  28964	   1168	  22644	  52776	   ce28	touch.elf
'Finished building: touch.elf.size'
' '
16:45:37 **** Incremental Build of configuration Debug for project touch ****
make all 
make: Nothing to be done for `all'.
16:45:45 **** Incremental Build of configuration Debug for project touch ****
make all 
make: Nothing to be done for `all'.
16:56:05 **** Auto Build of configuration Debug for project touch ****
make all 
'Building file: ../src/main.c'
'Invoking: ARM gcc compiler'
arm-xilinx-eabi-gcc -Wall -O0 -g3 -c -fmessage-length=0 -MT"src/main.o" -I../../touch_bsp/ps7_cortexa9_0/include -MMD -MP -MF"src/main.d" -MT"src/main.d" -o "src/main.o" "../src/main.c"
'Finished building: ../src/main.c'
' '
'Building target: touch.elf'
'Invoking: ARM gcc linker'
arm-xilinx-eabi-gcc -Wl,-T -Wl,../src/lscript.ld -L../../touch_bsp/ps7_cortexa9_0/lib -o "touch.elf"  ./src/main.o   -Wl,--start-group,-lxil,-lgcc,-lc,--end-group
'Finished building target: touch.elf'
' '
'Invoking: ARM Print Size'
arm-xilinx-eabi-size touch.elf  |tee "touch.elf.size"
   text	   data	    bss	    dec	    hex	filename
  28964	   1168	  22644	  52776	   ce28	touch.elf
'Finished building: touch.elf.size'
' '
16:56:10 **** Incremental Build of configuration Debug for project touch ****
make all 
make: Nothing to be done for `all'.
16:56:18 **** Incremental Build of configuration Debug for project touch ****
make all 
make: Nothing to be done for `all'.
16:57:13 **** Incremental Build of configuration Debug for project touch ****
make all 
make: Nothing to be done for `all'.
16:57:16 **** Incremental Build of configuration Debug for project touch ****
make all 
make: Nothing to be done for `all'.
16:57:52 **** Incremental Build of configuration Debug for project touch ****
make all 
make: Nothing to be done for `all'.
