02:43:05 **** Auto Build of configuration Debug for project top ****
make all 
'Building file: ../src/main.c'
'Invoking: ARM gcc compiler'
arm-xilinx-eabi-gcc -Wall -O0 -g3 -c -fmessage-length=0 -MT"src/main.o" -I../../top_bsp/ps7_cortexa9_0/include -MMD -MP -MF"src/main.d" -MT"src/main.d" -o "src/main.o" "../src/main.c"
../src/main.c: In function 'main':
../src/main.c:19:3: warning: implicit declaration of function 'sleep' [-Wimplicit-function-declaration]
   sleep(1);
   ^
'Finished building: ../src/main.c'
' '
'Building target: top.elf'
'Invoking: ARM gcc linker'
arm-xilinx-eabi-gcc -Wl,-T -Wl,../src/lscript.ld -L../../top_bsp/ps7_cortexa9_0/lib -o "top.elf"  ./src/asr.o ./src/dht.o ./src/jq.o ./src/main.o ./src/oled.o ./src/pm.o ./src/tts.o   -Wl,--start-group,-lxil,-lgcc,-lc,--end-group
'Finished building target: top.elf'
' '
'Invoking: ARM Print Size'
arm-xilinx-eabi-size top.elf  |tee "top.elf.size"
   text	   data	    bss	    dec	    hex	filename
  27700	   3640	  22564	  53904	   d290	top.elf
'Finished building: top.elf.size'
' '

02:43:06 Build Finished (took 995ms)

